{
    "test": {
        "content": [
            [
                [
                    {
                        "id": "Condition_genotype_WT_KO",
                        "variable": "Condition genotype",
                        "reference": "WT",
                        "target": "KO",
                        "blocking": "batch"
                    },
                    "Condition_genotype_WT_KO.gprofiler2.all_enriched_pathways.tsv:md5,396712577c32213078d1604b1ba247de"
                ]
            ],
            [
                [
                    {
                        "id": "Condition_genotype_WT_KO",
                        "variable": "Condition genotype",
                        "reference": "WT",
                        "target": "KO",
                        "blocking": "batch"
                    },
                    [
                        "Condition_genotype_WT_KO.gprofiler2.GO:BP.sub_enriched_pathways.tsv:md5,d6bebdcb2401a7f7de0ec42ad2f4521d",
                        "Condition_genotype_WT_KO.gprofiler2.GO:CC.sub_enriched_pathways.tsv:md5,98a49b69f8b724d88d6367dea494ca53",
                        "Condition_genotype_WT_KO.gprofiler2.GO:MF.sub_enriched_pathways.tsv:md5,39ce8238319df47708df78b1c461a89d",
                        "Condition_genotype_WT_KO.gprofiler2.HP.sub_enriched_pathways.tsv:md5,616f3a5d19844001bb8aac38049e987a",
                        "Condition_genotype_WT_KO.gprofiler2.MIRNA.sub_enriched_pathways.tsv:md5,486ed1510dc8bba867686b021d6e6339",
                        "Condition_genotype_WT_KO.gprofiler2.REAC.sub_enriched_pathways.tsv:md5,3571ac765c47e1c38c63c463465f2a1e",
                        "Condition_genotype_WT_KO.gprofiler2.TF.sub_enriched_pathways.tsv:md5,032491e63bb381cc9a4d7740473efc5b",
                        "Condition_genotype_WT_KO.gprofiler2.WP.sub_enriched_pathways.tsv:md5,e99c42df912a9ee75c7197f92d615979"
                    ]
                ]
            ],
            "Condition_genotype_WT_KO.gprofiler2.gostplot.png",
            [
                "Condition_genotype_WT_KO.gprofiler2.GO:BP.sub_enriched_pathways.png",
                "Condition_genotype_WT_KO.gprofiler2.GO:CC.sub_enriched_pathways.png",
                "Condition_genotype_WT_KO.gprofiler2.GO:MF.sub_enriched_pathways.png",
                "Condition_genotype_WT_KO.gprofiler2.HP.sub_enriched_pathways.png",
                "Condition_genotype_WT_KO.gprofiler2.MIRNA.sub_enriched_pathways.png",
                "Condition_genotype_WT_KO.gprofiler2.REAC.sub_enriched_pathways.png",
                "Condition_genotype_WT_KO.gprofiler2.TF.sub_enriched_pathways.png",
                "Condition_genotype_WT_KO.gprofiler2.WP.sub_enriched_pathways.png"
            ],
            [

            ],
            [
                "R_sessionInfo.log"
            ],
            [
                "versions.yml:md5,7ff4ab78463faf97bba7e698ed9a9069"
            ],
            [
                "Condition_genotype_WT_KO.gprofiler2.gostplot.html"
            ],
            [
                "Condition_genotype_WT_KO.gprofiler2.gost_results.rds"
            ]
        ],
        "meta": {
            "nf-test": "0.9.2",
            "nextflow": "24.10.4"
        },
        "timestamp": "2025-01-31T15:16:54.617930264"
    },
    "stub": {
        "content": [
            {
                "0": [
                    [
                        {
                            "id": "Condition_genotype_WT_KO",
                            "variable": "Condition genotype",
                            "reference": "WT",
                            "target": "KO",
                            "blocking": "batch"
                        },
                        "Condition_genotype_WT_KO.gprofiler2.all_enriched_pathways.tsv:md5,d41d8cd98f00b204e9800998ecf8427e"
                    ]
                ],
                "1": [
                    [
                        {
                            "id": "Condition_genotype_WT_KO",
                            "variable": "Condition genotype",
                            "reference": "WT",
                            "target": "KO",
                            "blocking": "batch"
                        },
                        "Condition_genotype_WT_KO.gprofiler2.gost_results.rds:md5,d41d8cd98f00b204e9800998ecf8427e"
                    ]
                ],
                "2": [
                    [
                        {
                            "id": "Condition_genotype_WT_KO",
                            "variable": "Condition genotype",
                            "reference": "WT",
                            "target": "KO",
                            "blocking": "batch"
                        },
                        "Condition_genotype_WT_KO.gprofiler2.gostplot.png:md5,d41d8cd98f00b204e9800998ecf8427e"
                    ]
                ],
                "3": [
                    [
                        {
                            "id": "Condition_genotype_WT_KO",
                            "variable": "Condition genotype",
                            "reference": "WT",
                            "target": "KO",
                            "blocking": "batch"
                        },
                        "Condition_genotype_WT_KO.gprofiler2.gostplot.html:md5,d41d8cd98f00b204e9800998ecf8427e"
                    ]
                ],
                "4": [
                    [
                        {
                            "id": "Condition_genotype_WT_KO",
                            "variable": "Condition genotype",
                            "reference": "WT",
                            "target": "KO",
                            "blocking": "batch"
                        },
                        "Condition_genotype_WT_KO.gprofiler2.*.sub_enriched_pathways.tsv:md5,d41d8cd98f00b204e9800998ecf8427e"
                    ]
                ],
                "5": [
                    [
                        {
                            "id": "Condition_genotype_WT_KO",
                            "variable": "Condition genotype",
                            "reference": "WT",
                            "target": "KO",
                            "blocking": "batch"
                        },
                        "Condition_genotype_WT_KO.gprofiler2.*.sub_enriched_pathways.png:md5,d41d8cd98f00b204e9800998ecf8427e"
                    ]
                ],
                "6": [
                    [
                        {
                            "id": "Condition_genotype_WT_KO",
                            "variable": "Condition genotype",
                            "reference": "WT",
                            "target": "KO",
                            "blocking": "batch"
                        },
                        "Condition_genotype_WT_KO.ENSG_filtered.gmt:md5,d41d8cd98f00b204e9800998ecf8427e"
                    ]
                ],
                "7": [
                    [
                        {
                            "id": "Condition_genotype_WT_KO",
                            "variable": "Condition genotype",
                            "reference": "WT",
                            "target": "KO",
                            "blocking": "batch"
                        },
                        "Condition_genotype_WT_KO.R_sessionInfo.log:md5,d41d8cd98f00b204e9800998ecf8427e"
                    ]
                ],
                "8": [
                    "versions.yml:md5,7ff4ab78463faf97bba7e698ed9a9069"
                ],
                "all_enrich": [
                    [
                        {
                            "id": "Condition_genotype_WT_KO",
                            "variable": "Condition genotype",
                            "reference": "WT",
                            "target": "KO",
                            "blocking": "batch"
                        },
                        "Condition_genotype_WT_KO.gprofiler2.all_enriched_pathways.tsv:md5,d41d8cd98f00b204e9800998ecf8427e"
                    ]
                ],
                "filtered_gmt": [
                    [
                        {
                            "id": "Condition_genotype_WT_KO",
                            "variable": "Condition genotype",
                            "reference": "WT",
                            "target": "KO",
                            "blocking": "batch"
                        },
                        "Condition_genotype_WT_KO.ENSG_filtered.gmt:md5,d41d8cd98f00b204e9800998ecf8427e"
                    ]
                ],
                "plot_html": [
                    [
                        {
                            "id": "Condition_genotype_WT_KO",
                            "variable": "Condition genotype",
                            "reference": "WT",
                            "target": "KO",
                            "blocking": "batch"
                        },
                        "Condition_genotype_WT_KO.gprofiler2.gostplot.html:md5,d41d8cd98f00b204e9800998ecf8427e"
                    ]
                ],
                "plot_png": [
                    [
                        {
                            "id": "Condition_genotype_WT_KO",
                            "variable": "Condition genotype",
                            "reference": "WT",
                            "target": "KO",
                            "blocking": "batch"
                        },
                        "Condition_genotype_WT_KO.gprofiler2.gostplot.png:md5,d41d8cd98f00b204e9800998ecf8427e"
                    ]
                ],
                "rds": [
                    [
                        {
                            "id": "Condition_genotype_WT_KO",
                            "variable": "Condition genotype",
                            "reference": "WT",
                            "target": "KO",
                            "blocking": "batch"
                        },
                        "Condition_genotype_WT_KO.gprofiler2.gost_results.rds:md5,d41d8cd98f00b204e9800998ecf8427e"
                    ]
                ],
                "session_info": [
                    [
                        {
                            "id": "Condition_genotype_WT_KO",
                            "variable": "Condition genotype",
                            "reference": "WT",
                            "target": "KO",
                            "blocking": "batch"
                        },
                        "Condition_genotype_WT_KO.R_sessionInfo.log:md5,d41d8cd98f00b204e9800998ecf8427e"
                    ]
                ],
                "sub_enrich": [
                    [
                        {
                            "id": "Condition_genotype_WT_KO",
                            "variable": "Condition genotype",
                            "reference": "WT",
                            "target": "KO",
                            "blocking": "batch"
                        },
                        "Condition_genotype_WT_KO.gprofiler2.*.sub_enriched_pathways.tsv:md5,d41d8cd98f00b204e9800998ecf8427e"
                    ]
                ],
                "sub_plot": [
                    [
                        {
                            "id": "Condition_genotype_WT_KO",
                            "variable": "Condition genotype",
                            "reference": "WT",
                            "target": "KO",
                            "blocking": "batch"
                        },
                        "Condition_genotype_WT_KO.gprofiler2.*.sub_enriched_pathways.png:md5,d41d8cd98f00b204e9800998ecf8427e"
                    ]
                ],
                "versions": [
                    "versions.yml:md5,7ff4ab78463faf97bba7e698ed9a9069"
                ]
            }
        ],
        "meta": {
            "nf-test": "0.9.2",
            "nextflow": "24.10.3"
        },
        "timestamp": "2025-01-21T11:31:33.394855046"
    }
}
