{
    "deseq2|limmavoom|propd + gprofiler2|gsea|gsea - mouse": {
        "content": [
            [
                [
                    {
                        "id": "treatment_mCherry_hND6_",
                        "variable": "treatment",
                        "reference": "mCherry",
                        "target": "hND6",
                        "blocking": "",
                        "fc_threshold": 1.5,
                        "stat_threshold": 0.05,
                        "method_de": "deseq2",
                        "method": "gprofiler2"
                    },
                    "treatment_mCherry_hND6_.gprofiler2.all_enriched_pathways.tsv:md5,10f7cef4ef0e1b0eab79818fdbaab9ad"
                ],
                [
                    {
                        "id": "treatment_mCherry_hND6_",
                        "variable": "treatment",
                        "reference": "mCherry",
                        "target": "hND6",
                        "blocking": "",
                        "fc_threshold": 1.5,
                        "stat_threshold": 0.05,
                        "method_de": "limma",
                        "method": "gprofiler2"
                    },
                    "treatment_mCherry_hND6_.gprofiler2.all_enriched_pathways.tsv:md5,d41d8cd98f00b204e9800998ecf8427e"
                ],
                [
                    {
                        "id": "treatment_mCherry_hND6_",
                        "variable": "treatment",
                        "reference": "mCherry",
                        "target": "hND6",
                        "blocking": "",
                        "fc_threshold": 1.5,
                        "stat_threshold": 100,
                        "method_de": "propd",
                        "method": "gprofiler2"
                    },
                    "treatment_mCherry_hND6_.gprofiler2.all_enriched_pathways.tsv:md5,d41d8cd98f00b204e9800998ecf8427e"
                ],
                [
                    {
                        "id": "treatment_mCherry_hND6_sample_number",
                        "variable": "treatment",
                        "reference": "mCherry",
                        "target": "hND6",
                        "blocking": "sample_number",
                        "fc_threshold": 1.5,
                        "stat_threshold": 0.05,
                        "method_de": "deseq2",
                        "method": "gprofiler2"
                    },
                    "treatment_mCherry_hND6_sample_number.gprofiler2.all_enriched_pathways.tsv:md5,7ac2c2f5c0ad3d72769419f065cb6ace"
                ],
                [
                    {
                        "id": "treatment_mCherry_hND6_sample_number",
                        "variable": "treatment",
                        "reference": "mCherry",
                        "target": "hND6",
                        "blocking": "sample_number",
                        "fc_threshold": 1.5,
                        "stat_threshold": 0.05,
                        "method_de": "limma",
                        "method": "gprofiler2"
                    },
                    "treatment_mCherry_hND6_sample_number.gprofiler2.all_enriched_pathways.tsv:md5,d41d8cd98f00b204e9800998ecf8427e"
                ],
                [
                    {
                        "id": "treatment_mCherry_hND6_sample_number",
                        "variable": "treatment",
                        "reference": "mCherry",
                        "target": "hND6",
                        "blocking": "sample_number",
                        "fc_threshold": 1.5,
                        "stat_threshold": 100,
                        "method_de": "propd",
                        "method": "gprofiler2"
                    },
                    "treatment_mCherry_hND6_sample_number.gprofiler2.all_enriched_pathways.tsv:md5,d41d8cd98f00b204e9800998ecf8427e"
                ]
            ],
            [
                [
                    {
                        "id": "treatment_mCherry_hND6_",
                        "variable": "treatment",
                        "reference": "mCherry",
                        "target": "hND6",
                        "blocking": "",
                        "fc_threshold": 1.5,
                        "stat_threshold": 0.05,
                        "method_de": "deseq2",
                        "method": "gprofiler2"
                    },
                    [
                        "treatment_mCherry_hND6_.gprofiler2.GO:BP.sub_enriched_pathways.tsv:md5,6047ffd74fe8a49db9b924485a441948",
                        "treatment_mCherry_hND6_.gprofiler2.GO:CC.sub_enriched_pathways.tsv:md5,891018299a66d62fbe979a56e9f31035",
                        "treatment_mCherry_hND6_.gprofiler2.GO:MF.sub_enriched_pathways.tsv:md5,46bb279062af777060495d56ac9767d7",
                        "treatment_mCherry_hND6_.gprofiler2.REAC.sub_enriched_pathways.tsv:md5,ca5e92673eb17242477e9c2787d68323"
                    ]
                ],
                [
                    {
                        "id": "treatment_mCherry_hND6_sample_number",
                        "variable": "treatment",
                        "reference": "mCherry",
                        "target": "hND6",
                        "blocking": "sample_number",
                        "fc_threshold": 1.5,
                        "stat_threshold": 0.05,
                        "method_de": "deseq2",
                        "method": "gprofiler2"
                    },
                    [
                        "treatment_mCherry_hND6_sample_number.gprofiler2.GO:BP.sub_enriched_pathways.tsv:md5,f55e010f72ee9200624137f42e94a5e5",
                        "treatment_mCherry_hND6_sample_number.gprofiler2.GO:CC.sub_enriched_pathways.tsv:md5,5bb51d9184e7257ce6cdd0ce7db16923",
                        "treatment_mCherry_hND6_sample_number.gprofiler2.GO:MF.sub_enriched_pathways.tsv:md5,210e4b99919354c79b37e12c83fdeaa5",
                        "treatment_mCherry_hND6_sample_number.gprofiler2.REAC.sub_enriched_pathways.tsv:md5,d754c55c2a2a1b8acda1c663165b4d2b"
                    ]
                ]
            ],
            [
                "treatment_mCherry_hND6_.gprofiler2.gostplot.html",
                "treatment_mCherry_hND6_sample_number.gprofiler2.gostplot.html"
            ],
            [
                [
                    {
                        "id": "treatment_mCherry_hND6_",
                        "method_de": "deseq2",
                        "method": "gsea",
                        "variable": "treatment",
                        "reference": "mCherry",
                        "target": "hND6",
                        "blocking": ""
                    },
                    "treatment_mCherry_hND6_.mh.all.v2022.1.Mm.symbols.gsea_report_for_mCherry.tsv:md5,ce8792382ae299749445767ff16aaecc",
                    "treatment_mCherry_hND6_.mh.all.v2022.1.Mm.symbols.gsea_report_for_hND6.tsv:md5,354a961c7e1417db2bf1f7e8d00c54f0"
                ],
                [
                    {
                        "id": "treatment_mCherry_hND6_",
                        "method_de": "limma",
                        "method": "gsea",
                        "variable": "treatment",
                        "reference": "mCherry",
                        "target": "hND6",
                        "blocking": ""
                    },
                    "treatment_mCherry_hND6_.mh.all.v2022.1.Mm.symbols.gsea_report_for_mCherry.tsv:md5,ce8792382ae299749445767ff16aaecc",
                    "treatment_mCherry_hND6_.mh.all.v2022.1.Mm.symbols.gsea_report_for_hND6.tsv:md5,a4dcc9581c9c63d35ef32ee0df882074"
                ],
                [
                    {
                        "id": "treatment_mCherry_hND6_sample_number",
                        "method_de": "deseq2",
                        "method": "gsea",
                        "variable": "treatment",
                        "reference": "mCherry",
                        "target": "hND6",
                        "blocking": "sample_number"
                    },
                    "treatment_mCherry_hND6_sample_number.mh.all.v2022.1.Mm.symbols.gsea_report_for_mCherry.tsv:md5,ce8792382ae299749445767ff16aaecc",
                    "treatment_mCherry_hND6_sample_number.mh.all.v2022.1.Mm.symbols.gsea_report_for_hND6.tsv:md5,354a961c7e1417db2bf1f7e8d00c54f0"
                ],
                [
                    {
                        "id": "treatment_mCherry_hND6_sample_number",
                        "method_de": "limma",
                        "method": "gsea",
                        "variable": "treatment",
                        "reference": "mCherry",
                        "target": "hND6",
                        "blocking": "sample_number"
                    },
                    "treatment_mCherry_hND6_sample_number.mh.all.v2022.1.Mm.symbols.gsea_report_for_mCherry.tsv:md5,ce8792382ae299749445767ff16aaecc",
                    "treatment_mCherry_hND6_sample_number.mh.all.v2022.1.Mm.symbols.gsea_report_for_hND6.tsv:md5,a4dcc9581c9c63d35ef32ee0df882074"
                ]
            ],
            [
                [
                    {
                        "id": "treatment_mCherry_hND6_",
                        "variable": "treatment",
                        "reference": "mCherry",
                        "target": "hND6",
                        "blocking": "",
                        "method_de": "propd",
                        "method": "grea"
                    },
                    "treatment_mCherry_hND6_.grea.tsv:md5,786faeccf39926d2f7c980ef549a2697"
                ],
                [
                    {
                        "id": "treatment_mCherry_hND6_sample_number",
                        "variable": "treatment",
                        "reference": "mCherry",
                        "target": "hND6",
                        "blocking": "sample_number",
                        "method_de": "propd",
                        "method": "grea"
                    },
                    "treatment_mCherry_hND6_sample_number.grea.tsv:md5,786faeccf39926d2f7c980ef549a2697"
                ]
            ],
            [
                "versions.yml:md5,25ab98049a601f4940f3e5a24aa73f55",
                "versions.yml:md5,25ab98049a601f4940f3e5a24aa73f55",
                "versions.yml:md5,25ab98049a601f4940f3e5a24aa73f55",
                "versions.yml:md5,25ab98049a601f4940f3e5a24aa73f55",
                "versions.yml:md5,7861e3047b941b86ef50124168a13b51",
                "versions.yml:md5,7861e3047b941b86ef50124168a13b51",
                "versions.yml:md5,7861e3047b941b86ef50124168a13b51",
                "versions.yml:md5,7861e3047b941b86ef50124168a13b51",
                "versions.yml:md5,7861e3047b941b86ef50124168a13b51",
                "versions.yml:md5,7861e3047b941b86ef50124168a13b51",
                "versions.yml:md5,cd9cd1563a983e586b15fd2276da8bfb",
                "versions.yml:md5,cd9cd1563a983e586b15fd2276da8bfb",
                "versions.yml:md5,f2db818ec8143f64399247548098b643",
                "versions.yml:md5,f3be00003ea786284231f77c03c92eed",
                "versions.yml:md5,f3be00003ea786284231f77c03c92eed",
                "versions.yml:md5,f3be00003ea786284231f77c03c92eed",
                "versions.yml:md5,f3be00003ea786284231f77c03c92eed",
                "versions.yml:md5,f823a4e0a4d8744b89aff1391ca74e3a",
                "versions.yml:md5,f823a4e0a4d8744b89aff1391ca74e3a",
                "versions.yml:md5,f823a4e0a4d8744b89aff1391ca74e3a",
                "versions.yml:md5,f823a4e0a4d8744b89aff1391ca74e3a"
            ]
        ],
        "meta": {
            "nf-test": "0.9.2",
            "nextflow": "24.10.4"
        },
        "timestamp": "2025-01-31T14:38:55.322768786"
    },
    "propd + grea - mouse": {
        "content": [
            [
                [
                    {
                        "id": "treatment_mCherry_hND6_",
                        "variable": "treatment",
                        "reference": "mCherry",
                        "target": "hND6",
                        "blocking": "",
                        "method_de": "propd",
                        "method": "grea"
                    },
                    "treatment_mCherry_hND6_.grea.tsv:md5,786faeccf39926d2f7c980ef549a2697"
                ],
                [
                    {
                        "id": "treatment_mCherry_hND6_sample_number",
                        "variable": "treatment",
                        "reference": "mCherry",
                        "target": "hND6",
                        "blocking": "sample_number",
                        "method_de": "propd",
                        "method": "grea"
                    },
                    "treatment_mCherry_hND6_sample_number.grea.tsv:md5,786faeccf39926d2f7c980ef549a2697"
                ]
            ],
            {
                "DIFFERENTIAL_FUNCTIONAL_ENRICHMENT:PROPR_GREA": {
                    "r-propr": "5.1.5"
                }
            },
            [
                "versions.yml:md5,cd9cd1563a983e586b15fd2276da8bfb",
                "versions.yml:md5,cd9cd1563a983e586b15fd2276da8bfb"
            ]
        ],
        "meta": {
            "nf-test": "0.9.2",
            "nextflow": "24.10.4"
        },
        "timestamp": "2025-01-31T14:35:38.838594087"
    },
    "deseq2 + gprofiler2 - mouse": {
        "content": [
            [
                [
                    {
                        "id": "treatment_mCherry_hND6_",
                        "variable": "treatment",
                        "reference": "mCherry",
                        "target": "hND6",
                        "blocking": "",
                        "fc_threshold": 1.5,
                        "stat_threshold": 0.05,
                        "method_de": "deseq2",
                        "method": "gprofiler2"
                    },
                    "treatment_mCherry_hND6_.gprofiler2.all_enriched_pathways.tsv:md5,10f7cef4ef0e1b0eab79818fdbaab9ad"
                ],
                [
                    {
                        "id": "treatment_mCherry_hND6_sample_number",
                        "variable": "treatment",
                        "reference": "mCherry",
                        "target": "hND6",
                        "blocking": "sample_number",
                        "fc_threshold": 1.5,
                        "stat_threshold": 0.05,
                        "method_de": "deseq2",
                        "method": "gprofiler2"
                    },
                    "treatment_mCherry_hND6_sample_number.gprofiler2.all_enriched_pathways.tsv:md5,7ac2c2f5c0ad3d72769419f065cb6ace"
                ]
            ],
            [
                [
                    {
                        "id": "treatment_mCherry_hND6_",
                        "variable": "treatment",
                        "reference": "mCherry",
                        "target": "hND6",
                        "blocking": "",
                        "fc_threshold": 1.5,
                        "stat_threshold": 0.05,
                        "method_de": "deseq2",
                        "method": "gprofiler2"
                    },
                    [
                        "treatment_mCherry_hND6_.gprofiler2.GO:BP.sub_enriched_pathways.tsv:md5,6047ffd74fe8a49db9b924485a441948",
                        "treatment_mCherry_hND6_.gprofiler2.GO:CC.sub_enriched_pathways.tsv:md5,891018299a66d62fbe979a56e9f31035",
                        "treatment_mCherry_hND6_.gprofiler2.GO:MF.sub_enriched_pathways.tsv:md5,46bb279062af777060495d56ac9767d7",
                        "treatment_mCherry_hND6_.gprofiler2.REAC.sub_enriched_pathways.tsv:md5,ca5e92673eb17242477e9c2787d68323"
                    ]
                ],
                [
                    {
                        "id": "treatment_mCherry_hND6_sample_number",
                        "variable": "treatment",
                        "reference": "mCherry",
                        "target": "hND6",
                        "blocking": "sample_number",
                        "fc_threshold": 1.5,
                        "stat_threshold": 0.05,
                        "method_de": "deseq2",
                        "method": "gprofiler2"
                    },
                    [
                        "treatment_mCherry_hND6_sample_number.gprofiler2.GO:BP.sub_enriched_pathways.tsv:md5,f55e010f72ee9200624137f42e94a5e5",
                        "treatment_mCherry_hND6_sample_number.gprofiler2.GO:CC.sub_enriched_pathways.tsv:md5,5bb51d9184e7257ce6cdd0ce7db16923",
                        "treatment_mCherry_hND6_sample_number.gprofiler2.GO:MF.sub_enriched_pathways.tsv:md5,210e4b99919354c79b37e12c83fdeaa5",
                        "treatment_mCherry_hND6_sample_number.gprofiler2.REAC.sub_enriched_pathways.tsv:md5,d754c55c2a2a1b8acda1c663165b4d2b"
                    ]
                ]
            ],
            [
                "treatment_mCherry_hND6_.gprofiler2.gostplot.html",
                "treatment_mCherry_hND6_sample_number.gprofiler2.gostplot.html"
            ],
            {
                "DIFFERENTIAL_FUNCTIONAL_ENRICHMENT:GPROFILER2_GOST": {
                    "r-base": "4.3.3",
                    "r-ggplot2": "3.4.3",
                    "r-gprofiler2": "0.2.2"
                }
            },
            [
                "versions.yml:md5,7861e3047b941b86ef50124168a13b51",
                "versions.yml:md5,7861e3047b941b86ef50124168a13b51"
            ]
        ],
        "meta": {
            "nf-test": "0.9.2",
            "nextflow": "24.10.4"
        },
        "timestamp": "2025-01-31T14:32:57.471420763"
    },
    "test gprofiler2 - mouse": {
        "content": [
            [
                [
                    {
                        "id": "Condition_genotype_WT_KO",
                        "variable": "Condition genotype",
                        "reference": "WT",
                        "target": "KO",
                        "blocking": "batch",
                        "method": "gprofiler2"
                    },
                    "Condition_genotype_WT_KO.gprofiler2.all_enriched_pathways.tsv:md5,396712577c32213078d1604b1ba247de"
                ]
            ],
            [
                [
                    {
                        "id": "Condition_genotype_WT_KO",
                        "variable": "Condition genotype",
                        "reference": "WT",
                        "target": "KO",
                        "blocking": "batch",
                        "method": "gprofiler2"
                    },
                    [
                        "Condition_genotype_WT_KO.gprofiler2.GO:BP.sub_enriched_pathways.tsv:md5,d6bebdcb2401a7f7de0ec42ad2f4521d",
                        "Condition_genotype_WT_KO.gprofiler2.GO:CC.sub_enriched_pathways.tsv:md5,98a49b69f8b724d88d6367dea494ca53",
                        "Condition_genotype_WT_KO.gprofiler2.GO:MF.sub_enriched_pathways.tsv:md5,39ce8238319df47708df78b1c461a89d",
                        "Condition_genotype_WT_KO.gprofiler2.HP.sub_enriched_pathways.tsv:md5,616f3a5d19844001bb8aac38049e987a",
                        "Condition_genotype_WT_KO.gprofiler2.MIRNA.sub_enriched_pathways.tsv:md5,486ed1510dc8bba867686b021d6e6339",
                        "Condition_genotype_WT_KO.gprofiler2.REAC.sub_enriched_pathways.tsv:md5,3571ac765c47e1c38c63c463465f2a1e",
                        "Condition_genotype_WT_KO.gprofiler2.TF.sub_enriched_pathways.tsv:md5,032491e63bb381cc9a4d7740473efc5b",
                        "Condition_genotype_WT_KO.gprofiler2.WP.sub_enriched_pathways.tsv:md5,e99c42df912a9ee75c7197f92d615979"
                    ]
                ]
            ],
            [
                "Condition_genotype_WT_KO.gprofiler2.gostplot.html"
            ],
            {
                "DIFFERENTIAL_FUNCTIONAL_ENRICHMENT:GPROFILER2_GOST": {
                    "r-base": "4.3.3",
                    "r-ggplot2": "3.4.3",
                    "r-gprofiler2": "0.2.2"
                }
            },
            [
                "versions.yml:md5,7861e3047b941b86ef50124168a13b51"
            ]
        ],
        "meta": {
            "nf-test": "0.9.2",
            "nextflow": "24.10.4"
        },
        "timestamp": "2025-01-31T14:31:40.671620493"
    },
    "deseq2 + gsea - mouse": {
        "content": [
            [
                [
                    {
                        "id": "treatment_mCherry_hND6_",
                        "method_de": "deseq2",
                        "method": "gsea",
                        "variable": "treatment",
                        "reference": "mCherry",
                        "target": "hND6",
                        "blocking": ""
                    },
                    "treatment_mCherry_hND6_.mh.all.v2022.1.Mm.symbols.gsea_report_for_mCherry.tsv:md5,ce8792382ae299749445767ff16aaecc",
                    "treatment_mCherry_hND6_.mh.all.v2022.1.Mm.symbols.gsea_report_for_hND6.tsv:md5,354a961c7e1417db2bf1f7e8d00c54f0"
                ],
                [
                    {
                        "id": "treatment_mCherry_hND6_sample_number",
                        "method_de": "deseq2",
                        "method": "gsea",
                        "variable": "treatment",
                        "reference": "mCherry",
                        "target": "hND6",
                        "blocking": "sample_number"
                    },
                    "treatment_mCherry_hND6_sample_number.mh.all.v2022.1.Mm.symbols.gsea_report_for_mCherry.tsv:md5,ce8792382ae299749445767ff16aaecc",
                    "treatment_mCherry_hND6_sample_number.mh.all.v2022.1.Mm.symbols.gsea_report_for_hND6.tsv:md5,354a961c7e1417db2bf1f7e8d00c54f0"
                ]
            ],
            {
                "DIFFERENTIAL_FUNCTIONAL_ENRICHMENT:GSEA_GSEA": {
                    "gsea": "4.3.2"
                }
            },
            [
                "versions.yml:md5,25ab98049a601f4940f3e5a24aa73f55",
                "versions.yml:md5,25ab98049a601f4940f3e5a24aa73f55",
                "versions.yml:md5,f2db818ec8143f64399247548098b643",
                "versions.yml:md5,f3be00003ea786284231f77c03c92eed",
                "versions.yml:md5,f3be00003ea786284231f77c03c92eed",
                "versions.yml:md5,f823a4e0a4d8744b89aff1391ca74e3a",
                "versions.yml:md5,f823a4e0a4d8744b89aff1391ca74e3a"
            ]
        ],
        "meta": {
            "nf-test": "0.9.2",
            "nextflow": "24.10.4"
        },
        "timestamp": "2025-01-31T14:34:55.565980336"
    },
    "stub": {
        "content": [
            {
                "0": [
                    [
                        {
                            "id": "Condition_genotype_WT_KO",
                            "variable": "Condition genotype",
                            "reference": "WT",
                            "target": "KO",
                            "blocking": "batch",
                            "method": "gprofiler2"
                        },
                        "Condition_genotype_WT_KO.gprofiler2.all_enriched_pathways.tsv:md5,d41d8cd98f00b204e9800998ecf8427e"
                    ]
                ],
                "1": [
                    [
                        {
                            "id": "Condition_genotype_WT_KO",
                            "variable": "Condition genotype",
                            "reference": "WT",
                            "target": "KO",
                            "blocking": "batch",
                            "method": "gprofiler2"
                        },
                        "Condition_genotype_WT_KO.gprofiler2.*.sub_enriched_pathways.tsv:md5,d41d8cd98f00b204e9800998ecf8427e"
                    ]
                ],
                "2": [
                    [
                        {
                            "id": "Condition_genotype_WT_KO",
                            "variable": "Condition genotype",
                            "reference": "WT",
                            "target": "KO",
                            "blocking": "batch",
                            "method": "gprofiler2"
                        },
                        "Condition_genotype_WT_KO.gprofiler2.gostplot.html:md5,d41d8cd98f00b204e9800998ecf8427e"
                    ]
                ],
                "3": [
                    
                ],
                "4": [
                    
                ],
                "5": [
                    "versions.yml:md5,7861e3047b941b86ef50124168a13b51"
                ],
                "gprofiler2_all_enrich": [
                    [
                        {
                            "id": "Condition_genotype_WT_KO",
                            "variable": "Condition genotype",
                            "reference": "WT",
                            "target": "KO",
                            "blocking": "batch",
                            "method": "gprofiler2"
                        },
                        "Condition_genotype_WT_KO.gprofiler2.all_enriched_pathways.tsv:md5,d41d8cd98f00b204e9800998ecf8427e"
                    ]
                ],
                "gprofiler2_plot_html": [
                    [
                        {
                            "id": "Condition_genotype_WT_KO",
                            "variable": "Condition genotype",
                            "reference": "WT",
                            "target": "KO",
                            "blocking": "batch",
                            "method": "gprofiler2"
                        },
                        "Condition_genotype_WT_KO.gprofiler2.gostplot.html:md5,d41d8cd98f00b204e9800998ecf8427e"
                    ]
                ],
                "gprofiler2_sub_enrich": [
                    [
                        {
                            "id": "Condition_genotype_WT_KO",
                            "variable": "Condition genotype",
                            "reference": "WT",
                            "target": "KO",
                            "blocking": "batch",
                            "method": "gprofiler2"
                        },
                        "Condition_genotype_WT_KO.gprofiler2.*.sub_enriched_pathways.tsv:md5,d41d8cd98f00b204e9800998ecf8427e"
                    ]
                ],
                "grea_results": [
                    
                ],
                "gsea_report": [
                    
                ],
                "versions": [
                    "versions.yml:md5,7861e3047b941b86ef50124168a13b51"
                ]
            }
        ],
        "meta": {
            "nf-test": "0.9.1",
            "nextflow": "24.10.3"
        },
        "timestamp": "2025-01-24T17:38:14.74535"
    }
}