{
    "Should filter differential expression table": {
        "content": [
            {
                "0": [
                    [
                        {
                            "id": "test"
                        },
                        "SRP254919.salmon.merged.deseq2.results_filtered.tsv:md5,f004047e216080aca0a4fc3ccde71179"
                    ]
                ],
                "1": [
                    "versions.yml:md5,190ea382b022538d24cf4567dc8975e6"
                ],
                "filtered": [
                    [
                        {
                            "id": "test"
                        },
                        "SRP254919.salmon.merged.deseq2.results_filtered.tsv:md5,f004047e216080aca0a4fc3ccde71179"
                    ]
                ],
                "versions": [
                    "versions.yml:md5,190ea382b022538d24cf4567dc8975e6"
                ]
            }
        ],
        "meta": {
            "nf-test": "0.9.2",
            "nextflow": "24.10.2"
        },
        "timestamp": "2024-12-12T12:16:31.417875143"
    }
}