{
    "Params: bwamem2 | generate bwamem2 index - stub": {
        "content": [
            {
                "0": [
                    [
                        {
                            "id": "test"
                        },
                        [
                            "/workspace/modules/.nf-test/tests/834b484b6ef800213ee6bdc1cac86e1/workspace",
                            "/workspace/modules/.nf-test/tests/834b484b6ef800213ee6bdc1cac86e1/modules",
                            "/workspace/modules/.nf-test/tests/834b484b6ef800213ee6bdc1cac86e1/.nf-test",
                            "/workspace/modules/.nf-test/tests/834b484b6ef800213ee6bdc1cac86e1/tests",
                            "/workspace/modules/.nf-test/tests/834b484b6ef800213ee6bdc1cac86e1/834b484b6ef800213ee6bdc1cac86e1",
                            [
                                [
                                    [
                                        ".command.begin:md5,d41d8cd98f00b204e9800998ecf8427e",
                                        ".command.err:md5,d41d8cd98f00b204e9800998ecf8427e",
                                        ".command.log:md5,d41d8cd98f00b204e9800998ecf8427e",
                                        ".command.out:md5,d41d8cd98f00b204e9800998ecf8427e",
                                        ".command.run:md5,097105d4dea0944394954e50334ed33a",
                                        ".command.sh:md5,213edd6b088801815a925bd71d636f62",
                                        ".command.trace:md5,8bc530d8271002191f1d42eb574ff3b4",
                                        ".exitcode:md5,cfcd208495d565ef66e7dff9f98764da",
                                        [
                                            "genome.fasta.0123:md5,d41d8cd98f00b204e9800998ecf8427e",
                                            "genome.fasta.amb:md5,d41d8cd98f00b204e9800998ecf8427e",
                                            "genome.fasta.ann:md5,d41d8cd98f00b204e9800998ecf8427e",
                                            "genome.fasta.bwt.2bit.64:md5,d41d8cd98f00b204e9800998ecf8427e",
                                            "genome.fasta.pac:md5,d41d8cd98f00b204e9800998ecf8427e"
                                        ],
                                        "genome.fasta:md5,6e9fe4042a72f2345f644f239272b7e6",
                                        "versions.yml:md5,7ba3169cff18b2edf7cbd2b5bffab2ae"
                                    ]
                                ],
                                [
                                    [
                                        [
                                            "genome.fasta:md5,6e9fe4042a72f2345f644f239272b7e6"
                                        ]
                                    ]
                                ]
                            ],
                            "/workspace/modules/.nf-test/tests/834b484b6ef800213ee6bdc1cac86e1/b6",
                            "/workspace/modules/.nf-test/tests/834b484b6ef800213ee6bdc1cac86e1/5922416a150161afae2ed0a34ce9aa",
                            "/workspace/modules/.nf-test/tests/834b484b6ef800213ee6bdc1cac86e1/bwamem2"
                        ]
                    ]
                ],
                "1": [
                    "versions.yml:md5,7ba3169cff18b2edf7cbd2b5bffab2ae"
                ],
                "index": [
                    [
                        {
                            "id": "test"
                        },
                        [
                            "/workspace/modules/.nf-test/tests/834b484b6ef800213ee6bdc1cac86e1/workspace",
                            "/workspace/modules/.nf-test/tests/834b484b6ef800213ee6bdc1cac86e1/modules",
                            "/workspace/modules/.nf-test/tests/834b484b6ef800213ee6bdc1cac86e1/.nf-test",
                            "/workspace/modules/.nf-test/tests/834b484b6ef800213ee6bdc1cac86e1/tests",
                            "/workspace/modules/.nf-test/tests/834b484b6ef800213ee6bdc1cac86e1/834b484b6ef800213ee6bdc1cac86e1",
                            [
                                [
                                    [
                                        ".command.begin:md5,d41d8cd98f00b204e9800998ecf8427e",
                                        ".command.err:md5,d41d8cd98f00b204e9800998ecf8427e",
                                        ".command.log:md5,d41d8cd98f00b204e9800998ecf8427e",
                                        ".command.out:md5,d41d8cd98f00b204e9800998ecf8427e",
                                        ".command.run:md5,097105d4dea0944394954e50334ed33a",
                                        ".command.sh:md5,213edd6b088801815a925bd71d636f62",
                                        ".command.trace:md5,8bc530d8271002191f1d42eb574ff3b4",
                                        ".exitcode:md5,cfcd208495d565ef66e7dff9f98764da",
                                        [
                                            "genome.fasta.0123:md5,d41d8cd98f00b204e9800998ecf8427e",
                                            "genome.fasta.amb:md5,d41d8cd98f00b204e9800998ecf8427e",
                                            "genome.fasta.ann:md5,d41d8cd98f00b204e9800998ecf8427e",
                                            "genome.fasta.bwt.2bit.64:md5,d41d8cd98f00b204e9800998ecf8427e",
                                            "genome.fasta.pac:md5,d41d8cd98f00b204e9800998ecf8427e"
                                        ],
                                        "genome.fasta:md5,6e9fe4042a72f2345f644f239272b7e6",
                                        "versions.yml:md5,7ba3169cff18b2edf7cbd2b5bffab2ae"
                                    ]
                                ],
                                [
                                    [
                                        [
                                            "genome.fasta:md5,6e9fe4042a72f2345f644f239272b7e6"
                                        ]
                                    ]
                                ]
                            ],
                            "/workspace/modules/.nf-test/tests/834b484b6ef800213ee6bdc1cac86e1/b6",
                            "/workspace/modules/.nf-test/tests/834b484b6ef800213ee6bdc1cac86e1/5922416a150161afae2ed0a34ce9aa",
                            "/workspace/modules/.nf-test/tests/834b484b6ef800213ee6bdc1cac86e1/bwamem2"
                        ]
                    ]
                ],
                "versions": [
                    "versions.yml:md5,7ba3169cff18b2edf7cbd2b5bffab2ae"
                ]
            },
            [
                {
                    "FASTA_INDEX_DNA:BWAMEM2_INDEX": {
                        "bwamem2": "2.2.1"
                    }
                }
            ]
        ],
        "meta": {
            "nf-test": "0.9.2",
            "nextflow": "25.04.2"
        },
        "timestamp": "2025-05-24T07:03:47.211174176"
    },
    "Params: dragmap | generate dragmap hashtable": {
        "content": [
            {
                "0": [
                    [
                        {
                            "id": "test"
                        },
                        [
                            "hash_table.cfg:md5,73ab786e839431f0450274548e51c54e",
                            "hash_table.cfg.bin:md5,67b204aaa8cb727fd9ab47b34abc4fff",
                            "hash_table.cmp:md5,bc210e5358fd65656f9aea297b59ec7d",
                            "hash_table_stats.txt:md5,61b1317d7b595e11a31da83bf8594d61",
                            "ref_index.bin:md5,8470be9566ecee77eb4aea6a38922a66",
                            "reference.bin:md5,b6b5c12a42416b990cd2844de8f33c5d",
                            "repeat_mask.bin:md5,2439259a2fd32a1d0f4c53d585f3da3a",
                            "str_table.bin:md5,302e2b30993973527e69c6bcd1f093d0"
                        ]
                    ]
                ],
                "1": [
                    "versions.yml:md5,e0cd4e970a93682e54b81dd073448058"
                ],
                "index": [
                    [
                        {
                            "id": "test"
                        },
                        [
                            "hash_table.cfg:md5,73ab786e839431f0450274548e51c54e",
                            "hash_table.cfg.bin:md5,67b204aaa8cb727fd9ab47b34abc4fff",
                            "hash_table.cmp:md5,bc210e5358fd65656f9aea297b59ec7d",
                            "hash_table_stats.txt:md5,61b1317d7b595e11a31da83bf8594d61",
                            "ref_index.bin:md5,8470be9566ecee77eb4aea6a38922a66",
                            "reference.bin:md5,b6b5c12a42416b990cd2844de8f33c5d",
                            "repeat_mask.bin:md5,2439259a2fd32a1d0f4c53d585f3da3a",
                            "str_table.bin:md5,302e2b30993973527e69c6bcd1f093d0"
                        ]
                    ]
                ],
                "versions": [
                    "versions.yml:md5,e0cd4e970a93682e54b81dd073448058"
                ]
            },
            [
                {
                    "FASTA_INDEX_DNA:DRAGMAP_HASHTABLE": {
                        "dragmap": "1.2.1"
                    }
                }
            ]
        ],
        "meta": {
            "nf-test": "0.9.2",
            "nextflow": "25.04.2"
        },
        "timestamp": "2025-05-24T07:02:18.7742623"
    },
    "Params: snapaligner | generate snapaligner index": {
        "content": [
            {
                "0": [
                    [
                        {
                            "id": "test"
                        },
                        [
                            "Genome:md5,7e189c954142ba37460332b467e34ed4",
                            "GenomeIndex:md5,298da8bcb1134f7b24379a792a7a46f8",
                            "GenomeIndexHash:md5,9e28b9a15d7c09c3ca3070206a0f12ee",
                            "OverflowTable:md5,d41d8cd98f00b204e9800998ecf8427e"
                        ]
                    ]
                ],
                "1": [
                    "versions.yml:md5,71423da7252177c03bd67bf9912b7363"
                ],
                "index": [
                    [
                        {
                            "id": "test"
                        },
                        [
                            "Genome:md5,7e189c954142ba37460332b467e34ed4",
                            "GenomeIndex:md5,298da8bcb1134f7b24379a792a7a46f8",
                            "GenomeIndexHash:md5,9e28b9a15d7c09c3ca3070206a0f12ee",
                            "OverflowTable:md5,d41d8cd98f00b204e9800998ecf8427e"
                        ]
                    ]
                ],
                "versions": [
                    "versions.yml:md5,71423da7252177c03bd67bf9912b7363"
                ]
            },
            [
                {
                    "FASTA_INDEX_DNA:SNAP_INDEX": {
                        "snapaligner": "2.0.3."
                    }
                }
            ]
        ],
        "meta": {
            "nf-test": "0.9.2",
            "nextflow": "25.04.2"
        },
        "timestamp": "2025-05-24T06:56:51.965916347"
    },
    "Params: bowtie2 | generate bowtie2 index - stub": {
        "content": [
            {
                "0": [
                    [
                        {
                            "id": "test"
                        },
                        [
                            "genome.1.bt2:md5,d41d8cd98f00b204e9800998ecf8427e",
                            "genome.2.bt2:md5,d41d8cd98f00b204e9800998ecf8427e",
                            "genome.3.bt2:md5,d41d8cd98f00b204e9800998ecf8427e",
                            "genome.4.bt2:md5,d41d8cd98f00b204e9800998ecf8427e",
                            "genome.rev.1.bt2:md5,d41d8cd98f00b204e9800998ecf8427e",
                            "genome.rev.2.bt2:md5,d41d8cd98f00b204e9800998ecf8427e"
                        ]
                    ]
                ],
                "1": [
                    "versions.yml:md5,3b091297ba4bafebe767e26c7f85a086"
                ],
                "index": [
                    [
                        {
                            "id": "test"
                        },
                        [
                            "genome.1.bt2:md5,d41d8cd98f00b204e9800998ecf8427e",
                            "genome.2.bt2:md5,d41d8cd98f00b204e9800998ecf8427e",
                            "genome.3.bt2:md5,d41d8cd98f00b204e9800998ecf8427e",
                            "genome.4.bt2:md5,d41d8cd98f00b204e9800998ecf8427e",
                            "genome.rev.1.bt2:md5,d41d8cd98f00b204e9800998ecf8427e",
                            "genome.rev.2.bt2:md5,d41d8cd98f00b204e9800998ecf8427e"
                        ]
                    ]
                ],
                "versions": [
                    "versions.yml:md5,3b091297ba4bafebe767e26c7f85a086"
                ]
            },
            [
                {
                    "FASTA_INDEX_DNA:BOWTIE2_BUILD": {
                        "bowtie2": "2.5.4"
                    }
                }
            ]
        ],
        "meta": {
            "nf-test": "0.9.2",
            "nextflow": "25.04.2"
        },
        "timestamp": "2025-05-24T06:50:55.869980696"
    },
    "Params: bwamem | generate bwamem1 index": {
        "content": [
            {
                "0": [
                    [
                        {
                            "id": "test"
                        },
                        [
                            "/workspace/modules/.nf-test/tests/fcebacc24247d7e952390921d1be834a/workspace",
                            "/workspace/modules/.nf-test/tests/fcebacc24247d7e952390921d1be834a/modules",
                            "/workspace/modules/.nf-test/tests/fcebacc24247d7e952390921d1be834a/.nf-test",
                            "/workspace/modules/.nf-test/tests/fcebacc24247d7e952390921d1be834a/tests",
                            "/workspace/modules/.nf-test/tests/fcebacc24247d7e952390921d1be834a/fcebacc24247d7e952390921d1be834a",
                            [
                                [
                                    [
                                        ".command.begin:md5,d41d8cd98f00b204e9800998ecf8427e",
                                        ".command.err:md5,26eaa132735e357ab40509d56510a15d",
                                        ".command.log:md5,26eaa132735e357ab40509d56510a15d",
                                        ".command.out:md5,d41d8cd98f00b204e9800998ecf8427e",
                                        ".command.run:md5,933defc00ae82369d5d2d32bec87051f",
                                        ".command.sh:md5,193930ca6f2e1ccb3eca0cbf5e2ff312",
                                        ".command.trace:md5,18f138d38182de1827a5ca5255336bb2",
                                        ".exitcode:md5,cfcd208495d565ef66e7dff9f98764da",
                                        [
                                            "genome.amb:md5,3a68b8b2287e07dd3f5f95f4344ba76e",
                                            "genome.ann:md5,c32e11f6c859f166c7525a9c1d583567",
                                            "genome.bwt:md5,0469c30a1e239dd08f68afe66fde99da",
                                            "genome.pac:md5,983e3d2cd6f36e2546e6d25a0da78d66",
                                            "genome.sa:md5,ab3952cabf026b48cd3eb5bccbb636d1"
                                        ],
                                        "genome.fasta:md5,6e9fe4042a72f2345f644f239272b7e6",
                                        "versions.yml:md5,d1b738f7f149345dc417a0f77ca16a1f"
                                    ]
                                ],
                                [
                                    [
                                        [
                                            "genome.fasta:md5,6e9fe4042a72f2345f644f239272b7e6"
                                        ]
                                    ]
                                ]
                            ],
                            "/workspace/modules/.nf-test/tests/fcebacc24247d7e952390921d1be834a/f2",
                            "/workspace/modules/.nf-test/tests/fcebacc24247d7e952390921d1be834a/22683d777e5b7372e6e2f90adce55e",
                            "/workspace/modules/.nf-test/tests/fcebacc24247d7e952390921d1be834a/bwa"
                        ]
                    ]
                ],
                "1": [
                    "versions.yml:md5,d1b738f7f149345dc417a0f77ca16a1f"
                ],
                "index": [
                    [
                        {
                            "id": "test"
                        },
                        [
                            "/workspace/modules/.nf-test/tests/fcebacc24247d7e952390921d1be834a/workspace",
                            "/workspace/modules/.nf-test/tests/fcebacc24247d7e952390921d1be834a/modules",
                            "/workspace/modules/.nf-test/tests/fcebacc24247d7e952390921d1be834a/.nf-test",
                            "/workspace/modules/.nf-test/tests/fcebacc24247d7e952390921d1be834a/tests",
                            "/workspace/modules/.nf-test/tests/fcebacc24247d7e952390921d1be834a/fcebacc24247d7e952390921d1be834a",
                            [
                                [
                                    [
                                        ".command.begin:md5,d41d8cd98f00b204e9800998ecf8427e",
                                        ".command.err:md5,26eaa132735e357ab40509d56510a15d",
                                        ".command.log:md5,26eaa132735e357ab40509d56510a15d",
                                        ".command.out:md5,d41d8cd98f00b204e9800998ecf8427e",
                                        ".command.run:md5,933defc00ae82369d5d2d32bec87051f",
                                        ".command.sh:md5,193930ca6f2e1ccb3eca0cbf5e2ff312",
                                        ".command.trace:md5,18f138d38182de1827a5ca5255336bb2",
                                        ".exitcode:md5,cfcd208495d565ef66e7dff9f98764da",
                                        [
                                            "genome.amb:md5,3a68b8b2287e07dd3f5f95f4344ba76e",
                                            "genome.ann:md5,c32e11f6c859f166c7525a9c1d583567",
                                            "genome.bwt:md5,0469c30a1e239dd08f68afe66fde99da",
                                            "genome.pac:md5,983e3d2cd6f36e2546e6d25a0da78d66",
                                            "genome.sa:md5,ab3952cabf026b48cd3eb5bccbb636d1"
                                        ],
                                        "genome.fasta:md5,6e9fe4042a72f2345f644f239272b7e6",
                                        "versions.yml:md5,d1b738f7f149345dc417a0f77ca16a1f"
                                    ]
                                ],
                                [
                                    [
                                        [
                                            "genome.fasta:md5,6e9fe4042a72f2345f644f239272b7e6"
                                        ]
                                    ]
                                ]
                            ],
                            "/workspace/modules/.nf-test/tests/fcebacc24247d7e952390921d1be834a/f2",
                            "/workspace/modules/.nf-test/tests/fcebacc24247d7e952390921d1be834a/22683d777e5b7372e6e2f90adce55e",
                            "/workspace/modules/.nf-test/tests/fcebacc24247d7e952390921d1be834a/bwa"
                        ]
                    ]
                ],
                "versions": [
                    "versions.yml:md5,d1b738f7f149345dc417a0f77ca16a1f"
                ]
            },
            [
                {
                    "FASTA_INDEX_DNA:BWAMEM1_INDEX": {
                        "bwa": "0.7.18-r1243-dirty"
                    }
                }
            ]
        ],
        "meta": {
            "nf-test": "0.9.2",
            "nextflow": "25.04.2"
        },
        "timestamp": "2025-05-24T07:01:36.999752751"
    },
    "Params: bowtie2 | generate bowtie2 index": {
        "content": [
            {
                "0": [
                    [
                        {
                            "id": "test"
                        },
                        [
                            "genome.1.bt2:md5,cbe3d0bbea55bc57c99b4bfa25b5fbdf",
                            "genome.2.bt2:md5,47b153cd1319abc88dda532462651fcf",
                            "genome.3.bt2:md5,4ed93abba181d8dfab2e303e33114777",
                            "genome.4.bt2:md5,c25be5f8b0378abf7a58c8a880b87626",
                            "genome.rev.1.bt2:md5,52be6950579598a990570fbcf5372184",
                            "genome.rev.2.bt2:md5,e3b4ef343dea4dd571642010a7d09597"
                        ]
                    ]
                ],
                "1": [
                    "versions.yml:md5,3b091297ba4bafebe767e26c7f85a086"
                ],
                "index": [
                    [
                        {
                            "id": "test"
                        },
                        [
                            "genome.1.bt2:md5,cbe3d0bbea55bc57c99b4bfa25b5fbdf",
                            "genome.2.bt2:md5,47b153cd1319abc88dda532462651fcf",
                            "genome.3.bt2:md5,4ed93abba181d8dfab2e303e33114777",
                            "genome.4.bt2:md5,c25be5f8b0378abf7a58c8a880b87626",
                            "genome.rev.1.bt2:md5,52be6950579598a990570fbcf5372184",
                            "genome.rev.2.bt2:md5,e3b4ef343dea4dd571642010a7d09597"
                        ]
                    ]
                ],
                "versions": [
                    "versions.yml:md5,3b091297ba4bafebe767e26c7f85a086"
                ]
            },
            [
                {
                    "FASTA_INDEX_DNA:BOWTIE2_BUILD": {
                        "bowtie2": "2.5.4"
                    }
                }
            ]
        ],
        "meta": {
            "nf-test": "0.9.2",
            "nextflow": "25.04.2"
        },
        "timestamp": "2025-05-24T06:49:28.348439064"
    },
    "Params: bwamem2 | generate bwamem2 index": {
        "content": [
            {
                "0": [
                    [
                        {
                            "id": "test"
                        },
                        [
                            "/workspace/modules/.nf-test/tests/76ddf348558b5872c890833f0a8da669/workspace",
                            "/workspace/modules/.nf-test/tests/76ddf348558b5872c890833f0a8da669/modules",
                            "/workspace/modules/.nf-test/tests/76ddf348558b5872c890833f0a8da669/.nf-test",
                            "/workspace/modules/.nf-test/tests/76ddf348558b5872c890833f0a8da669/tests",
                            "/workspace/modules/.nf-test/tests/76ddf348558b5872c890833f0a8da669/76ddf348558b5872c890833f0a8da669",
                            [
                                [
                                    [
                                        ".command.begin:md5,d41d8cd98f00b204e9800998ecf8427e",
                                        ".command.err:md5,6b3db6bb3b71a28d8928b4012327e34f",
                                        ".command.log:md5,28cad0b7144b2f481db551cf7fd2b9b8",
                                        ".command.out:md5,8adcb5cfb3da2684150d6c0f6c3b2b36",
                                        ".command.run:md5,5f3e1fa4ff8743f778146b26d70717f8",
                                        ".command.sh:md5,beb78654108ad1fc7d29e263e1481d2e",
                                        ".command.trace:md5,241c9065ae69f5fbcb192abd1665745a",
                                        ".exitcode:md5,cfcd208495d565ef66e7dff9f98764da",
                                        [
                                            "genome.fasta.0123:md5,b02870de80106104abcb03cd9463e7d8",
                                            "genome.fasta.amb:md5,3a68b8b2287e07dd3f5f95f4344ba76e",
                                            "genome.fasta.ann:md5,c32e11f6c859f166c7525a9c1d583567",
                                            "genome.fasta.bwt.2bit.64:md5,d097a1b82dee375d41a1ea69895a9216",
                                            "genome.fasta.pac:md5,983e3d2cd6f36e2546e6d25a0da78d66"
                                        ],
                                        "genome.fasta:md5,6e9fe4042a72f2345f644f239272b7e6",
                                        "versions.yml:md5,7ba3169cff18b2edf7cbd2b5bffab2ae"
                                    ]
                                ],
                                [
                                    [
                                        [
                                            "genome.fasta:md5,6e9fe4042a72f2345f644f239272b7e6"
                                        ]
                                    ]
                                ]
                            ],
                            "/workspace/modules/.nf-test/tests/76ddf348558b5872c890833f0a8da669/cd",
                            "/workspace/modules/.nf-test/tests/76ddf348558b5872c890833f0a8da669/8cbaf4aab720a1626e3058b9db2fef",
                            "/workspace/modules/.nf-test/tests/76ddf348558b5872c890833f0a8da669/bwamem2"
                        ]
                    ]
                ],
                "1": [
                    "versions.yml:md5,7ba3169cff18b2edf7cbd2b5bffab2ae"
                ],
                "index": [
                    [
                        {
                            "id": "test"
                        },
                        [
                            "/workspace/modules/.nf-test/tests/76ddf348558b5872c890833f0a8da669/workspace",
                            "/workspace/modules/.nf-test/tests/76ddf348558b5872c890833f0a8da669/modules",
                            "/workspace/modules/.nf-test/tests/76ddf348558b5872c890833f0a8da669/.nf-test",
                            "/workspace/modules/.nf-test/tests/76ddf348558b5872c890833f0a8da669/tests",
                            "/workspace/modules/.nf-test/tests/76ddf348558b5872c890833f0a8da669/76ddf348558b5872c890833f0a8da669",
                            [
                                [
                                    [
                                        ".command.begin:md5,d41d8cd98f00b204e9800998ecf8427e",
                                        ".command.err:md5,6b3db6bb3b71a28d8928b4012327e34f",
                                        ".command.log:md5,28cad0b7144b2f481db551cf7fd2b9b8",
                                        ".command.out:md5,8adcb5cfb3da2684150d6c0f6c3b2b36",
                                        ".command.run:md5,5f3e1fa4ff8743f778146b26d70717f8",
                                        ".command.sh:md5,beb78654108ad1fc7d29e263e1481d2e",
                                        ".command.trace:md5,241c9065ae69f5fbcb192abd1665745a",
                                        ".exitcode:md5,cfcd208495d565ef66e7dff9f98764da",
                                        [
                                            "genome.fasta.0123:md5,b02870de80106104abcb03cd9463e7d8",
                                            "genome.fasta.amb:md5,3a68b8b2287e07dd3f5f95f4344ba76e",
                                            "genome.fasta.ann:md5,c32e11f6c859f166c7525a9c1d583567",
                                            "genome.fasta.bwt.2bit.64:md5,d097a1b82dee375d41a1ea69895a9216",
                                            "genome.fasta.pac:md5,983e3d2cd6f36e2546e6d25a0da78d66"
                                        ],
                                        "genome.fasta:md5,6e9fe4042a72f2345f644f239272b7e6",
                                        "versions.yml:md5,7ba3169cff18b2edf7cbd2b5bffab2ae"
                                    ]
                                ],
                                [
                                    [
                                        [
                                            "genome.fasta:md5,6e9fe4042a72f2345f644f239272b7e6"
                                        ]
                                    ]
                                ]
                            ],
                            "/workspace/modules/.nf-test/tests/76ddf348558b5872c890833f0a8da669/cd",
                            "/workspace/modules/.nf-test/tests/76ddf348558b5872c890833f0a8da669/8cbaf4aab720a1626e3058b9db2fef",
                            "/workspace/modules/.nf-test/tests/76ddf348558b5872c890833f0a8da669/bwamem2"
                        ]
                    ]
                ],
                "versions": [
                    "versions.yml:md5,7ba3169cff18b2edf7cbd2b5bffab2ae"
                ]
            },
            [
                {
                    "FASTA_INDEX_DNA:BWAMEM2_INDEX": {
                        "bwamem2": "2.2.1"
                    }
                }
            ]
        ],
        "meta": {
            "nf-test": "0.9.2",
            "nextflow": "25.04.2"
        },
        "timestamp": "2025-05-24T07:01:54.664979837"
    },
    "Params: bwamem | generate bwamem1 index - stub": {
        "content": [
            {
                "0": [
                    [
                        {
                            "id": "test"
                        },
                        [
                            "/workspace/modules/.nf-test/tests/f8cac0ad0e51a4f2a315f8df60556c2e/workspace",
                            "/workspace/modules/.nf-test/tests/f8cac0ad0e51a4f2a315f8df60556c2e/modules",
                            "/workspace/modules/.nf-test/tests/f8cac0ad0e51a4f2a315f8df60556c2e/.nf-test",
                            "/workspace/modules/.nf-test/tests/f8cac0ad0e51a4f2a315f8df60556c2e/tests",
                            "/workspace/modules/.nf-test/tests/f8cac0ad0e51a4f2a315f8df60556c2e/f8cac0ad0e51a4f2a315f8df60556c2e",
                            [
                                [
                                    [
                                        ".command.begin:md5,d41d8cd98f00b204e9800998ecf8427e",
                                        ".command.err:md5,d41d8cd98f00b204e9800998ecf8427e",
                                        ".command.log:md5,d41d8cd98f00b204e9800998ecf8427e",
                                        ".command.out:md5,d41d8cd98f00b204e9800998ecf8427e",
                                        ".command.run:md5,a6ab99c74296e8f636e4b8b05c28947a",
                                        ".command.sh:md5,976be1e5a31a63c5f99eafeffc6fb901",
                                        ".command.trace:md5,377e982d64827cf0cf75438a3a0f6cbc",
                                        ".exitcode:md5,cfcd208495d565ef66e7dff9f98764da",
                                        [
                                            "genome.amb:md5,d41d8cd98f00b204e9800998ecf8427e",
                                            "genome.ann:md5,d41d8cd98f00b204e9800998ecf8427e",
                                            "genome.bwt:md5,d41d8cd98f00b204e9800998ecf8427e",
                                            "genome.pac:md5,d41d8cd98f00b204e9800998ecf8427e",
                                            "genome.sa:md5,d41d8cd98f00b204e9800998ecf8427e"
                                        ],
                                        "genome.fasta:md5,6e9fe4042a72f2345f644f239272b7e6",
                                        "versions.yml:md5,d1b738f7f149345dc417a0f77ca16a1f"
                                    ]
                                ],
                                [
                                    [
                                        [
                                            "genome.fasta:md5,6e9fe4042a72f2345f644f239272b7e6"
                                        ]
                                    ]
                                ]
                            ],
                            "/workspace/modules/.nf-test/tests/f8cac0ad0e51a4f2a315f8df60556c2e/f8",
                            "/workspace/modules/.nf-test/tests/f8cac0ad0e51a4f2a315f8df60556c2e/291dc022bdf082c7c6b22dec482346",
                            "/workspace/modules/.nf-test/tests/f8cac0ad0e51a4f2a315f8df60556c2e/bwa"
                        ]
                    ]
                ],
                "1": [
                    "versions.yml:md5,d1b738f7f149345dc417a0f77ca16a1f"
                ],
                "index": [
                    [
                        {
                            "id": "test"
                        },
                        [
                            "/workspace/modules/.nf-test/tests/f8cac0ad0e51a4f2a315f8df60556c2e/workspace",
                            "/workspace/modules/.nf-test/tests/f8cac0ad0e51a4f2a315f8df60556c2e/modules",
                            "/workspace/modules/.nf-test/tests/f8cac0ad0e51a4f2a315f8df60556c2e/.nf-test",
                            "/workspace/modules/.nf-test/tests/f8cac0ad0e51a4f2a315f8df60556c2e/tests",
                            "/workspace/modules/.nf-test/tests/f8cac0ad0e51a4f2a315f8df60556c2e/f8cac0ad0e51a4f2a315f8df60556c2e",
                            [
                                [
                                    [
                                        ".command.begin:md5,d41d8cd98f00b204e9800998ecf8427e",
                                        ".command.err:md5,d41d8cd98f00b204e9800998ecf8427e",
                                        ".command.log:md5,d41d8cd98f00b204e9800998ecf8427e",
                                        ".command.out:md5,d41d8cd98f00b204e9800998ecf8427e",
                                        ".command.run:md5,a6ab99c74296e8f636e4b8b05c28947a",
                                        ".command.sh:md5,976be1e5a31a63c5f99eafeffc6fb901",
                                        ".command.trace:md5,377e982d64827cf0cf75438a3a0f6cbc",
                                        ".exitcode:md5,cfcd208495d565ef66e7dff9f98764da",
                                        [
                                            "genome.amb:md5,d41d8cd98f00b204e9800998ecf8427e",
                                            "genome.ann:md5,d41d8cd98f00b204e9800998ecf8427e",
                                            "genome.bwt:md5,d41d8cd98f00b204e9800998ecf8427e",
                                            "genome.pac:md5,d41d8cd98f00b204e9800998ecf8427e",
                                            "genome.sa:md5,d41d8cd98f00b204e9800998ecf8427e"
                                        ],
                                        "genome.fasta:md5,6e9fe4042a72f2345f644f239272b7e6",
                                        "versions.yml:md5,d1b738f7f149345dc417a0f77ca16a1f"
                                    ]
                                ],
                                [
                                    [
                                        [
                                            "genome.fasta:md5,6e9fe4042a72f2345f644f239272b7e6"
                                        ]
                                    ]
                                ]
                            ],
                            "/workspace/modules/.nf-test/tests/f8cac0ad0e51a4f2a315f8df60556c2e/f8",
                            "/workspace/modules/.nf-test/tests/f8cac0ad0e51a4f2a315f8df60556c2e/291dc022bdf082c7c6b22dec482346",
                            "/workspace/modules/.nf-test/tests/f8cac0ad0e51a4f2a315f8df60556c2e/bwa"
                        ]
                    ]
                ],
                "versions": [
                    "versions.yml:md5,d1b738f7f149345dc417a0f77ca16a1f"
                ]
            },
            [
                {
                    "FASTA_INDEX_DNA:BWAMEM1_INDEX": {
                        "bwa": "0.7.18-r1243-dirty"
                    }
                }
            ]
        ],
        "meta": {
            "nf-test": "0.9.2",
            "nextflow": "25.04.2"
        },
        "timestamp": "2025-05-24T07:03:21.054469917"
    },
    "Params: dragmap | generate dragmap hashtable - stub": {
        "content": [
            {
                "0": [
                    [
                        {
                            "id": "test"
                        },
                        [
                            
                        ]
                    ]
                ],
                "1": [
                    "versions.yml:md5,e0cd4e970a93682e54b81dd073448058"
                ],
                "index": [
                    [
                        {
                            "id": "test"
                        },
                        [
                            
                        ]
                    ]
                ],
                "versions": [
                    "versions.yml:md5,e0cd4e970a93682e54b81dd073448058"
                ]
            },
            [
                {
                    "FASTA_INDEX_DNA:DRAGMAP_HASHTABLE": {
                        "dragmap": "1.2.1"
                    }
                }
            ]
        ],
        "meta": {
            "nf-test": "0.9.2",
            "nextflow": "25.04.2"
        },
        "timestamp": "2025-05-24T06:51:49.337736115"
    }
}