{
    "sarscov2 - psl": {
        "content": [
            {
                "0": [
                    
                ],
                "1": [
                    
                ],
                "10": [
                    
                ],
                "11": [
                    
                ],
                "12": [
                    "versions.yml:md5,0e1a505ceb6ee6e4f408c48fcc6f956d"
                ],
                "2": [
                    
                ],
                "3": [
                    
                ],
                "4": [
                    
                ],
                "5": [
                    
                ],
                "6": [
                    
                ],
                "7": [
                    
                ],
                "8": [
                    
                ],
                "9": [
                    [
                        {
                            "id": "contigs.genome"
                        },
                        "contigs.genome.psl.gz:md5,515d3cff55d159309bedd38f47dd034b"
                    ]
                ],
                "axt_gz": [
                    
                ],
                "bam": [
                    
                ],
                "bed_gz": [
                    
                ],
                "blast_gz": [
                    
                ],
                "blasttab_gz": [
                    
                ],
                "chain_gz": [
                    
                ],
                "cram": [
                    
                ],
                "gff_gz": [
                    
                ],
                "html_gz": [
                    
                ],
                "psl_gz": [
                    [
                        {
                            "id": "contigs.genome"
                        },
                        "contigs.genome.psl.gz:md5,515d3cff55d159309bedd38f47dd034b"
                    ]
                ],
                "sam_gz": [
                    
                ],
                "tab_gz": [
                    
                ],
                "versions": [
                    "versions.yml:md5,0e1a505ceb6ee6e4f408c48fcc6f956d"
                ]
            }
        ],
        "meta": {
            "nf-test": "0.9.2",
            "nextflow": "25.04.0"
        },
        "timestamp": "2025-05-12T15:43:13.428231943"
    },
    "sarscov2 - cram": {
        "content": [
            [
                "5027207cb5c220e7101c85617fd4a0e2"
            ],
            [
                "versions.yml:md5,0e1a505ceb6ee6e4f408c48fcc6f956d"
            ]
        ],
        "meta": {
            "nf-test": "0.9.2",
            "nextflow": "25.04.0"
        },
        "timestamp": "2025-05-12T14:49:06.283128042"
    },
    "sarscov2 - psl - stub": {
        "content": [
            {
                "0": [
                    
                ],
                "1": [
                    
                ],
                "10": [
                    
                ],
                "11": [
                    
                ],
                "12": [
                    "versions.yml:md5,0e1a505ceb6ee6e4f408c48fcc6f956d"
                ],
                "2": [
                    
                ],
                "3": [
                    
                ],
                "4": [
                    
                ],
                "5": [
                    
                ],
                "6": [
                    
                ],
                "7": [
                    
                ],
                "8": [
                    
                ],
                "9": [
                    [
                        {
                            "id": "contigs.genome"
                        },
                        "contigs.genome.psl.gz:md5,f50b84b1db4b83ba62ec1deacc69c260"
                    ]
                ],
                "axt_gz": [
                    
                ],
                "bam": [
                    
                ],
                "bed_gz": [
                    
                ],
                "blast_gz": [
                    
                ],
                "blasttab_gz": [
                    
                ],
                "chain_gz": [
                    
                ],
                "cram": [
                    
                ],
                "gff_gz": [
                    
                ],
                "html_gz": [
                    
                ],
                "psl_gz": [
                    [
                        {
                            "id": "contigs.genome"
                        },
                        "contigs.genome.psl.gz:md5,f50b84b1db4b83ba62ec1deacc69c260"
                    ]
                ],
                "sam_gz": [
                    
                ],
                "tab_gz": [
                    
                ],
                "versions": [
                    "versions.yml:md5,0e1a505ceb6ee6e4f408c48fcc6f956d"
                ]
            }
        ],
        "meta": {
            "nf-test": "0.9.2",
            "nextflow": "25.04.0"
        },
        "timestamp": "2025-05-12T15:47:09.811911015"
    },
    "sarscov2 - sam": {
        "content": [
            {
                "0": [
                    
                ],
                "1": [
                    
                ],
                "10": [
                    [
                        {
                            "id": "contigs.genome"
                        },
                        "contigs.genome.sam.gz:md5,fb5c23f45c4ffb31af61f2ef274c8ed3"
                    ]
                ],
                "11": [
                    
                ],
                "12": [
                    "versions.yml:md5,0e1a505ceb6ee6e4f408c48fcc6f956d"
                ],
                "2": [
                    
                ],
                "3": [
                    
                ],
                "4": [
                    
                ],
                "5": [
                    
                ],
                "6": [
                    
                ],
                "7": [
                    
                ],
                "8": [
                    
                ],
                "9": [
                    
                ],
                "axt_gz": [
                    
                ],
                "bam": [
                    
                ],
                "bed_gz": [
                    
                ],
                "blast_gz": [
                    
                ],
                "blasttab_gz": [
                    
                ],
                "chain_gz": [
                    
                ],
                "cram": [
                    
                ],
                "gff_gz": [
                    
                ],
                "html_gz": [
                    
                ],
                "psl_gz": [
                    
                ],
                "sam_gz": [
                    [
                        {
                            "id": "contigs.genome"
                        },
                        "contigs.genome.sam.gz:md5,fb5c23f45c4ffb31af61f2ef274c8ed3"
                    ]
                ],
                "tab_gz": [
                    
                ],
                "versions": [
                    "versions.yml:md5,0e1a505ceb6ee6e4f408c48fcc6f956d"
                ]
            }
        ],
        "meta": {
            "nf-test": "0.9.2",
            "nextflow": "25.04.0"
        },
        "timestamp": "2025-05-12T15:44:08.556398019"
    },
    "sarscov2 - bam": {
        "content": [
            [
                "5027207cb5c220e7101c85617fd4a0e2"
            ],
            [
                "versions.yml:md5,0e1a505ceb6ee6e4f408c48fcc6f956d"
            ]
        ],
        "meta": {
            "nf-test": "0.9.2",
            "nextflow": "25.04.0"
        },
        "timestamp": "2025-05-12T13:50:11.125223268"
    }
}