{
    "sarscov2 - bam - stub": {
        "content": [
            {
                "0": [
                    
                ],
                "1": [
                    
                ],
                "2": [
                    
                ],
                "3": [
                    
                ],
                "consensus_bam": [
                    
                ],
                "grouped_bam": [
                    
                ],
                "summary": [
                    
                ],
                "versions": [
                    
                ]
            }
        ],
        "meta": {
            "nf-test": "0.9.2",
            "nextflow": "24.10.5"
        },
        "timestamp": "2025-03-13T11:13:27.743575602"
    },
    "homo_sapiens - stub": {
        "content": [
            {
                "0": [
                    [
                        {
                            "id": "test"
                        },
                        "test.grouped.bam:md5,d41d8cd98f00b204e9800998ecf8427e",
                        "test.grouped.bai:md5,d41d8cd98f00b204e9800998ecf8427e"
                    ]
                ],
                "1": [
                    [
                        {
                            "id": "test"
                        },
                        "test.consensus.bam:md5,d41d8cd98f00b204e9800998ecf8427e",
                        "test.consensus.bai:md5,d41d8cd98f00b204e9800998ecf8427e"
                    ]
                ],
                "2": [
                    [
                        {
                            "id": "test"
                        },
                        "test.txt:md5,d41d8cd98f00b204e9800998ecf8427e"
                    ]
                ],
                "3": [
                    "versions.yml:md5,43793ba25f3598f496659e8c434a009c"
                ],
                "consensus_bam": [
                    [
                        {
                            "id": "test"
                        },
                        "test.consensus.bam:md5,d41d8cd98f00b204e9800998ecf8427e",
                        "test.consensus.bai:md5,d41d8cd98f00b204e9800998ecf8427e"
                    ]
                ],
                "grouped_bam": [
                    [
                        {
                            "id": "test"
                        },
                        "test.grouped.bam:md5,d41d8cd98f00b204e9800998ecf8427e",
                        "test.grouped.bai:md5,d41d8cd98f00b204e9800998ecf8427e"
                    ]
                ],
                "summary": [
                    [
                        {
                            "id": "test"
                        },
                        "test.txt:md5,d41d8cd98f00b204e9800998ecf8427e"
                    ]
                ],
                "versions": [
                    "versions.yml:md5,43793ba25f3598f496659e8c434a009c"
                ]
            }
        ],
        "meta": {
            "nf-test": "0.9.2",
            "nextflow": "24.10.5"
        },
        "timestamp": "2025-03-13T11:18:59.058456817"
    },
    "homo_sapiens - bam": {
        "content": [
            {
                "0": [
                    
                ],
                "1": [
                    
                ],
                "2": [
                    
                ],
                "3": [
                    
                ],
                "consensus_bam": [
                    
                ],
                "grouped_bam": [
                    
                ],
                "summary": [
                    
                ],
                "versions": [
                    
                ]
            }
        ],
        "meta": {
            "nf-test": "0.9.2",
            "nextflow": "24.10.5"
        },
        "timestamp": "2025-03-13T11:15:56.53941388"
    },
    "homo_sapiens": {
        "content": [
            {
                "0": [
                    
                ],
                "1": [
                    
                ],
                "2": [
                    
                ],
                "3": [
                    
                ],
                "consensus_bam": [
                    
                ],
                "grouped_bam": [
                    
                ],
                "summary": [
                    
                ],
                "versions": [
                    
                ]
            }
        ],
        "meta": {
            "nf-test": "0.9.2",
            "nextflow": "24.10.5"
        },
        "timestamp": "2025-03-13T11:18:38.777634516"
    }
}