{
    "sarscov2 - sarscov2 DNA": {
        "content": [
            "acc2taxid.map:md5,989a01a1b7aa92b2a3e7204872bf36ec",
            "diffIdx:md5,8ac88d03fabf6917698a02841e410b33",
            "info:md5,f91cf2e0090678b481aa7a5105453232",
            "split:md5,6bfa0743a59482ec0a75f3089b9b523e",
            "taxID_list:md5,367764329430db34be92fd14a7a770ee",
            "db.parameters"
        ],
        "meta": {
            "nf-test": "0.9.2",
            "nextflow": "24.10.5"
        },
        "timestamp": "2025-04-10T10:05:57.259021745"
    }
}