{
    "slamseq - fastq - stub": {
        "content": [
            [
                [
                    {
                        "id": "test",
                        "single_end": true
                    },
                    "test.bam:md5,d41d8cd98f00b204e9800998ecf8427e"
                ]
            ],
            [
                [
                    {
                        "id": "test",
                        "single_end": true
                    },
                    "test_filtered.bam:md5,d41d8cd98f00b204e9800998ecf8427e"
                ]
            ],
            [
                [
                    {
                        "id": "test",
                        "single_end": true
                    },
                    "test_filtered.bam.bai:md5,d41d8cd98f00b204e9800998ecf8427e"
                ]
            ],
            [
                [
                    {
                        "id": "test",
                        "single_end": true
                    },
                    "test.vcf:md5,d41d8cd98f00b204e9800998ecf8427e"
                ]
            ],
            [
                [
                    {
                        "id": "test",
                        "single_end": true
                    },
                    "test.tsv:md5,d41d8cd98f00b204e9800998ecf8427e"
                ]
            ],
            [
                [
                    {
                        "id": "test",
                        "single_end": true
                    },
                    "test_plus.bedgraph:md5,d41d8cd98f00b204e9800998ecf8427e"
                ]
            ],
            [
                [
                    {
                        "id": "test",
                        "single_end": true
                    },
                    "test_mins.bedgraph:md5,d41d8cd98f00b204e9800998ecf8427e"
                ]
            ],
            [
                "versions.yml:md5,21819f13dfa3f8fec1d9b2c67c77143b"
            ]
        ],
        "meta": {
            "nf-test": "0.9.2",
            "nextflow": "25.04.6"
        },
        "timestamp": "2025-08-26T16:43:18.409251756"
    },
    "slamseq - fastq": {
        "content": [
            [
                "test_1.fastq_slamdunk_mapped.bam"
            ],
            [
                "test_1.fastq_slamdunk_mapped_filtered.bam"
            ],
            [
                "test_1.fastq_slamdunk_mapped_filtered.bam.bai"
            ],
            [
                [
                    {
                        "id": "test",
                        "single_end": true
                    },
                    "test_1.fastq_slamdunk_mapped_filtered_snp.vcf:md5,392b713d37020f032f5a03cb2a38f8c6"
                ]
            ],
            [
                [
                    {
                        "id": "test",
                        "single_end": true
                    },
                    "test_1.fastq_slamdunk_mapped_filtered_tcount.tsv:md5,dbe22b81b5eff6aa30af7ea69f266116"
                ]
            ],
            [
                [
                    {
                        "id": "test",
                        "single_end": true
                    },
                    "test_1.fastq_slamdunk_mapped_filtered_tcount_plus.bedgraph:md5,4c9cd48676bb947ca8381bc45178ae30"
                ]
            ],
            [
                [
                    {
                        "id": "test",
                        "single_end": true
                    },
                    "test_1.fastq_slamdunk_mapped_filtered_tcount_mins.bedgraph:md5,d41d8cd98f00b204e9800998ecf8427e"
                ]
            ],
            [
                "versions.yml:md5,21819f13dfa3f8fec1d9b2c67c77143b"
            ]
        ],
        "meta": {
            "nf-test": "0.9.2",
            "nextflow": "25.04.6"
        },
        "timestamp": "2025-09-22T16:05:21.093906123"
    }
}