{
    "unsorted_csv_sort": {
        "content": [
            {
                "0": [
                    [
                        {
                            "id": "test"
                        },
                        "test.csv.sorted:md5,0b52d1b4c4a0c6e972c6f94aafd75a1d"
                    ]
                ],
                "1": [
                    "versions.yml:md5,0d7afd9c97fa2ed3cc6273a6158fb1c8"
                ],
                "sorted": [
                    [
                        {
                            "id": "test"
                        },
                        "test.csv.sorted:md5,0b52d1b4c4a0c6e972c6f94aafd75a1d"
                    ]
                ],
                "versions": [
                    "versions.yml:md5,0d7afd9c97fa2ed3cc6273a6158fb1c8"
                ]
            }
        ],
        "meta": {
            "nf-test": "0.9.2",
            "nextflow": "24.10.4"
        },
        "timestamp": "2025-04-22T17:00:56.041784"
    },
    "interval_sort": {
        "content": [
            "test.bed.sorted"
        ],
        "meta": {
            "nf-test": "0.8.4",
            "nextflow": "24.04.2"
        },
        "timestamp": "2024-06-14T11:13:37.962807086"
    },
    "unsorted_csv_sort_stub": {
        "content": [
            {
                "0": [
                    [
                        {
                            "id": "test"
                        },
                        "test.csv.sorted:md5,d41d8cd98f00b204e9800998ecf8427e"
                    ]
                ],
                "1": [
                    "versions.yml:md5,0d7afd9c97fa2ed3cc6273a6158fb1c8"
                ],
                "sorted": [
                    [
                        {
                            "id": "test"
                        },
                        "test.csv.sorted:md5,d41d8cd98f00b204e9800998ecf8427e"
                    ]
                ],
                "versions": [
                    "versions.yml:md5,0d7afd9c97fa2ed3cc6273a6158fb1c8"
                ]
            }
        ],
        "meta": {
            "nf-test": "0.9.2",
            "nextflow": "24.10.4"
        },
        "timestamp": "2025-04-22T17:01:12.352886"
    },
    "csv_sort": {
        "content": [
            "test.csv.sorted"
        ],
        "meta": {
            "nf-test": "0.8.4",
            "nextflow": "24.04.2"
        },
        "timestamp": "2024-06-14T11:13:44.725431761"
    },
    "unsorted_genome_sort": {
        "content": [
            {
                "0": [
                    [
                        {
                            "id": "genome_test"
                        },
                        "genome_test.bed.sorted:md5,fd97f7efafdbbfa71d9b560f10b4b048"
                    ]
                ],
                "1": [
                    "versions.yml:md5,0d7afd9c97fa2ed3cc6273a6158fb1c8"
                ],
                "sorted": [
                    [
                        {
                            "id": "genome_test"
                        },
                        "genome_test.bed.sorted:md5,fd97f7efafdbbfa71d9b560f10b4b048"
                    ]
                ],
                "versions": [
                    "versions.yml:md5,0d7afd9c97fa2ed3cc6273a6158fb1c8"
                ]
            }
        ],
        "meta": {
            "nf-test": "0.9.2",
            "nextflow": "24.10.4"
        },
        "timestamp": "2025-04-22T17:00:23.567294"
    },
    "genome_sort": {
        "content": [
            "genome_test.bed.sorted"
        ],
        "meta": {
            "nf-test": "0.8.4",
            "nextflow": "24.04.2"
        },
        "timestamp": "2024-06-14T11:13:31.060201722"
    },
    "unsorted_intervals_sort": {
        "content": [
            {
                "0": [
                    [
                        {
                            "id": "test"
                        },
                        "test.bed.sorted:md5,abbce903ef263d38b2f71856387799ab"
                    ]
                ],
                "1": [
                    "versions.yml:md5,0d7afd9c97fa2ed3cc6273a6158fb1c8"
                ],
                "sorted": [
                    [
                        {
                            "id": "test"
                        },
                        "test.bed.sorted:md5,abbce903ef263d38b2f71856387799ab"
                    ]
                ],
                "versions": [
                    "versions.yml:md5,0d7afd9c97fa2ed3cc6273a6158fb1c8"
                ]
            }
        ],
        "meta": {
            "nf-test": "0.9.2",
            "nextflow": "24.10.4"
        },
        "timestamp": "2025-04-22T17:00:40.089614"
    }
}