{
    "test notebook - stub - [qmd:r]": {
        "content": [
            {
                "0": [
                    [
                        {
                            "id": "test"
                        },
                        "test.html:md5,d41d8cd98f00b204e9800998ecf8427e"
                    ]
                ],
                "1": [
                    [
                        {
                            "id": "test"
                        },
                        "quarto_r.qmd:md5,b3fa8b456efae62495c0b278a4f7694c"
                    ]
                ],
                "2": [
                    
                ],
                "3": [
                    
                ],
                "4": [
                    
                ],
                "5": [
                    "versions.yml:md5,413ad4103c5f51adfed7e9b7dd433743"
                ],
                "artifacts": [
                    
                ],
                "extensions": [
                    
                ],
                "html": [
                    [
                        {
                            "id": "test"
                        },
                        "test.html:md5,d41d8cd98f00b204e9800998ecf8427e"
                    ]
                ],
                "notebook": [
                    [
                        {
                            "id": "test"
                        },
                        "quarto_r.qmd:md5,b3fa8b456efae62495c0b278a4f7694c"
                    ]
                ],
                "params_yaml": [
                    
                ],
                "versions": [
                    "versions.yml:md5,413ad4103c5f51adfed7e9b7dd433743"
                ]
            }
        ],
        "meta": {
            "nf-test": "0.9.2",
            "nextflow": "25.04.2"
        },
        "timestamp": "2025-06-05T14:11:05.113872"
    },
    "test notebook - [qmd:r]": {
        "content": [
            {
                "0": [
                    [
                        {
                            "id": "test"
                        },
                        "test.html:md5,5af8d9b2e511ba454747a0b69ce48bd4"
                    ]
                ],
                "1": [
                    [
                        {
                            "id": "test"
                        },
                        "quarto_r.qmd:md5,b3fa8b456efae62495c0b278a4f7694c"
                    ]
                ],
                "2": [
                    
                ],
                "3": [
                    
                ],
                "4": [
                    
                ],
                "5": [
                    "versions.yml:md5,01a7b2b9ef15225efb8a2edb0c27b448"
                ],
                "artifacts": [
                    
                ],
                "extensions": [
                    
                ],
                "html": [
                    [
                        {
                            "id": "test"
                        },
                        "test.html:md5,5af8d9b2e511ba454747a0b69ce48bd4"
                    ]
                ],
                "notebook": [
                    [
                        {
                            "id": "test"
                        },
                        "quarto_r.qmd:md5,b3fa8b456efae62495c0b278a4f7694c"
                    ]
                ],
                "params_yaml": [
                    
                ],
                "versions": [
                    "versions.yml:md5,01a7b2b9ef15225efb8a2edb0c27b448"
                ]
            }
        ],
        "meta": {
            "nf-test": "0.9.2",
            "nextflow": "25.04.2"
        },
        "timestamp": "2025-06-05T14:09:35.915502"
    },
    "test notebook - parametrized - [qmd:python]": {
        "content": [
            [
                [
                    {
                        "id": "test"
                    },
                    "artifact.txt:md5,8ddd8be4b179a529afa5f2ffae4b9858"
                ]
            ],
            [
                [
                    {
                        "id": "test"
                    },
                    "params.yml:md5,efd62bc975f429e8749ba787a93042dd"
                ]
            ],
            {
                "QUARTONOTEBOOK": {
                    "quarto": "1.7.31",
                    "papermill": "2.6.0"
                }
            }
        ],
        "meta": {
            "nf-test": "0.9.2",
            "nextflow": "25.04.2"
        },
        "timestamp": "2025-06-05T14:10:29.647882"
    },
    "test notebook - parametrized - [rmd]": {
        "content": [
            {
                "0": [
                    [
                        {
                            "id": "test"
                        },
                        "test.html:md5,a17b973840692b7bc60bb3f800b96e84"
                    ]
                ],
                "1": [
                    [
                        {
                            "id": "test"
                        },
                        "rmarkdown_notebook.Rmd:md5,1f5e4efbb41fd499b23c5bea2fc32e68"
                    ]
                ],
                "2": [
                    [
                        {
                            "id": "test"
                        },
                        "artifact.txt:md5,b10a8db164e0754105b7a99be72e3fe5"
                    ]
                ],
                "3": [
                    [
                        {
                            "id": "test"
                        },
                        "params.yml:md5,efd62bc975f429e8749ba787a93042dd"
                    ]
                ],
                "4": [
                    
                ],
                "5": [
                    "versions.yml:md5,01a7b2b9ef15225efb8a2edb0c27b448"
                ],
                "artifacts": [
                    [
                        {
                            "id": "test"
                        },
                        "artifact.txt:md5,b10a8db164e0754105b7a99be72e3fe5"
                    ]
                ],
                "extensions": [
                    
                ],
                "html": [
                    [
                        {
                            "id": "test"
                        },
                        "test.html:md5,a17b973840692b7bc60bb3f800b96e84"
                    ]
                ],
                "notebook": [
                    [
                        {
                            "id": "test"
                        },
                        "rmarkdown_notebook.Rmd:md5,1f5e4efbb41fd499b23c5bea2fc32e68"
                    ]
                ],
                "params_yaml": [
                    [
                        {
                            "id": "test"
                        },
                        "params.yml:md5,efd62bc975f429e8749ba787a93042dd"
                    ]
                ],
                "versions": [
                    "versions.yml:md5,01a7b2b9ef15225efb8a2edb0c27b448"
                ]
            }
        ],
        "meta": {
            "nf-test": "0.9.2",
            "nextflow": "25.04.2"
        },
        "timestamp": "2025-06-05T14:10:45.70769"
    },
    "test notebook - parametrized - [ipynb]": {
        "content": [
            {
                "0": [
                    [
                        {
                            "id": "test"
                        },
                        "test.html:md5,f3211487e8f2b36de60f037241d97214"
                    ]
                ],
                "1": [
                    [
                        {
                            "id": "test"
                        },
                        "ipython_notebook.ipynb:md5,02a206bf6c66396827dd310e7443926d"
                    ]
                ],
                "2": [
                    
                ],
                "3": [
                    [
                        {
                            "id": "test"
                        },
                        "params.yml:md5,efd62bc975f429e8749ba787a93042dd"
                    ]
                ],
                "4": [
                    
                ],
                "5": [
                    "versions.yml:md5,01a7b2b9ef15225efb8a2edb0c27b448"
                ],
                "artifacts": [
                    
                ],
                "extensions": [
                    
                ],
                "html": [
                    [
                        {
                            "id": "test"
                        },
                        "test.html:md5,f3211487e8f2b36de60f037241d97214"
                    ]
                ],
                "notebook": [
                    [
                        {
                            "id": "test"
                        },
                        "ipython_notebook.ipynb:md5,02a206bf6c66396827dd310e7443926d"
                    ]
                ],
                "params_yaml": [
                    [
                        {
                            "id": "test"
                        },
                        "params.yml:md5,efd62bc975f429e8749ba787a93042dd"
                    ]
                ],
                "versions": [
                    "versions.yml:md5,01a7b2b9ef15225efb8a2edb0c27b448"
                ]
            }
        ],
        "meta": {
            "nf-test": "0.9.2",
            "nextflow": "25.04.2"
        },
        "timestamp": "2025-06-05T14:11:00.360441"
    },
    "test notebook - [qmd:python]": {
        "content": [
            [
                
            ],
            [
                
            ],
            {
                "QUARTONOTEBOOK": {
                    "quarto": "1.7.31",
                    "papermill": "2.6.0"
                }
            }
        ],
        "meta": {
            "nf-test": "0.9.2",
            "nextflow": "25.04.2"
        },
        "timestamp": "2025-06-05T14:09:54.82492"
    },
    "test notebook - parametrized - [qmd:r]": {
        "content": [
            {
                "0": [
                    [
                        {
                            "id": "test"
                        },
                        "test.html:md5,2cf5edd5fc278a9b409e40fac5c290e9"
                    ]
                ],
                "1": [
                    [
                        {
                            "id": "test"
                        },
                        "quarto_r.qmd:md5,b3fa8b456efae62495c0b278a4f7694c"
                    ]
                ],
                "2": [
                    [
                        {
                            "id": "test"
                        },
                        "artifact.txt:md5,b10a8db164e0754105b7a99be72e3fe5"
                    ]
                ],
                "3": [
                    [
                        {
                            "id": "test"
                        },
                        "params.yml:md5,efd62bc975f429e8749ba787a93042dd"
                    ]
                ],
                "4": [
                    
                ],
                "5": [
                    "versions.yml:md5,01a7b2b9ef15225efb8a2edb0c27b448"
                ],
                "artifacts": [
                    [
                        {
                            "id": "test"
                        },
                        "artifact.txt:md5,b10a8db164e0754105b7a99be72e3fe5"
                    ]
                ],
                "extensions": [
                    
                ],
                "html": [
                    [
                        {
                            "id": "test"
                        },
                        "test.html:md5,2cf5edd5fc278a9b409e40fac5c290e9"
                    ]
                ],
                "notebook": [
                    [
                        {
                            "id": "test"
                        },
                        "quarto_r.qmd:md5,b3fa8b456efae62495c0b278a4f7694c"
                    ]
                ],
                "params_yaml": [
                    [
                        {
                            "id": "test"
                        },
                        "params.yml:md5,efd62bc975f429e8749ba787a93042dd"
                    ]
                ],
                "versions": [
                    "versions.yml:md5,01a7b2b9ef15225efb8a2edb0c27b448"
                ]
            }
        ],
        "meta": {
            "nf-test": "0.9.2",
            "nextflow": "25.04.2"
        },
        "timestamp": "2025-06-05T14:10:11.926451"
    }
}