{
    "sarscov2 - fasta - stub": {
        "content": [
            {
                "0": [
                    [
                        {
                            "id": "test",
                            "single_end": false
                        },
                        [
                            
                        ]
                    ]
                ],
                "1": [
                    "versions.yml:md5,d1523db7d1087dc51b92895ed639d18e"
                ],
                "directory": [
                    [
                        {
                            "id": "test",
                            "single_end": false
                        },
                        [
                            
                        ]
                    ]
                ],
                "versions": [
                    "versions.yml:md5,d1523db7d1087dc51b92895ed639d18e"
                ]
            }
        ],
        "meta": {
            "nf-test": "0.9.2",
            "nextflow": "24.10.5"
        },
        "timestamp": "2025-03-26T08:15:13.627298155"
    },
    "sarscov2 - fasta": {
        "content": [
            [
                "warnings.txt:md5,68b329da9893e34099c7d8ad5cb9c940",
                "cluster_arguments.json:md5,9af1e9a2db26a97ef71eafcf218ef6fd",
                "Ndb.csv:md5,c1365f20ba97cfbfe2cc5d972fa1ee35",
                "Mdb.csv:md5,c27f6210ad5dd552a043af2904a89c0c",
                "Cdb.csv:md5,78141c04edbf584d5ec75c2106c8949a",
                "Secondary_clustering_MDS.pdf:md5,f56ecaab7e5febca6172bbf5eadd4055",
                "Secondary_clustering_dendrograms.pdf:md5,f56ecaab7e5febca6172bbf5eadd4055"
            ],
            [
                "genome.fna.gz.msh",
                "genome.fasta.msh",
                "chunk_all.msh",
                "logger.log",
                "Bdb.csv",
                "Primary_clustering_dendrogram.pdf",
                "Clustering_scatterplots.pdf"
            ],
            [
                "versions.yml:md5,d1523db7d1087dc51b92895ed639d18e"
            ]
        ],
        "meta": {
            "nf-test": "0.9.2",
            "nextflow": "24.10.5"
        },
        "timestamp": "2025-03-26T09:22:42.274688915"
    }
}