{
    "sarscov2 - assembly - reference": {
        "content": [
            {
                "0": [
                    [
                        {
                            "id": "test_assembly"
                        },
                        [
                            "assemblies.csv:md5,e888c259f97d17f6e6346403f463b9cb",
                            [
                                "contigs.csv:md5,675af88b31f4819be45a40ec5fc29f01",
                                "evalues_data:md5,d4db173f537be04127dbd7bab7eb344e",
                                "fitting_data:md5,efbc5b5ddae1f7afa09c95068bd48870",
                                "genome.nhr:md5,f4b4ddb034fd3dd7b25c89e9d50c004e",
                                "genome.nin:md5,9638fb07bf668722dbfe546f7b291577",
                                "genome.nsq:md5,982cbc7d9e38743b9b1037588862b9da",
                                "genome_into_proteome.1.blast:md5,69f94299b3098e7685e016e454414662",
                                "proteome.phr:md5,c523f92ddfe648ae41ef2a17c599937f",
                                "proteome.pin:md5,fb0864d566b95d5d0f9145e8c70f610e",
                                "proteome.psq:md5,026b799b20282170a0b350c7aa7b9fe0",
                                "proteome_into_genome.2.blast:md5,c457796316a035f9dae60bf160269126"
                            ]
                        ]
                    ]
                ],
                "1": [
                    "versions.yml:md5,e4f01fdcbc4b3acf0c749bf8749523bd"
                ],
                "transrate_results": [
                    [
                        {
                            "id": "test_assembly"
                        },
                        [
                            "assemblies.csv:md5,e888c259f97d17f6e6346403f463b9cb",
                            [
                                "contigs.csv:md5,675af88b31f4819be45a40ec5fc29f01",
                                "evalues_data:md5,d4db173f537be04127dbd7bab7eb344e",
                                "fitting_data:md5,efbc5b5ddae1f7afa09c95068bd48870",
                                "genome.nhr:md5,f4b4ddb034fd3dd7b25c89e9d50c004e",
                                "genome.nin:md5,9638fb07bf668722dbfe546f7b291577",
                                "genome.nsq:md5,982cbc7d9e38743b9b1037588862b9da",
                                "genome_into_proteome.1.blast:md5,69f94299b3098e7685e016e454414662",
                                "proteome.phr:md5,c523f92ddfe648ae41ef2a17c599937f",
                                "proteome.pin:md5,fb0864d566b95d5d0f9145e8c70f610e",
                                "proteome.psq:md5,026b799b20282170a0b350c7aa7b9fe0",
                                "proteome_into_genome.2.blast:md5,c457796316a035f9dae60bf160269126"
                            ]
                        ]
                    ]
                ],
                "versions": [
                    "versions.yml:md5,e4f01fdcbc4b3acf0c749bf8749523bd"
                ]
            }
        ],
        "meta": {
            "nf-test": "0.9.2",
            "nextflow": "24.10.6"
        },
        "timestamp": "2025-05-07T18:35:18.517991541"
    },
    "sarscov2 - assembly - stub": {
        "content": [
            {
                "0": [
                    [
                        {
                            "id": "test_assembly"
                        },
                        [
                            "test.txt:md5,d41d8cd98f00b204e9800998ecf8427e"
                        ]
                    ]
                ],
                "1": [
                    "versions.yml:md5,e4f01fdcbc4b3acf0c749bf8749523bd"
                ],
                "transrate_results": [
                    [
                        {
                            "id": "test_assembly"
                        },
                        [
                            "test.txt:md5,d41d8cd98f00b204e9800998ecf8427e"
                        ]
                    ]
                ],
                "versions": [
                    "versions.yml:md5,e4f01fdcbc4b3acf0c749bf8749523bd"
                ]
            }
        ],
        "meta": {
            "nf-test": "0.9.2",
            "nextflow": "24.10.6"
        },
        "timestamp": "2025-05-07T18:35:27.022306799"
    }
}