{
    "SRR389222 - fastq - se - stub": {
        "content": [
            {
                "0": [
                    [
                        {
                            "id": "test",
                            "read_group": "rg",
                            "sample": "sm",
                            "platform": "pl",
                            "single_end": true
                        },
                        "test.bam:md5,d41d8cd98f00b204e9800998ecf8427e",
                        "test.bam.bai:md5,d41d8cd98f00b204e9800998ecf8427e"
                    ]
                ],
                "1": [
                    [
                        {
                            "id": "test",
                            "read_group": "rg",
                            "sample": "sm",
                            "platform": "pl",
                            "single_end": true
                        },
                        "alignment.txt:md5,d41d8cd98f00b204e9800998ecf8427e"
                    ]
                ],
                "2": [
                    
                ],
                "3": [
                    
                ],
                "4": [
                    "versions.yml:md5,55d1e67ef8fa9d0ea3065363a653ffef"
                ],
                "bam_bai": [
                    [
                        {
                            "id": "test",
                            "read_group": "rg",
                            "sample": "sm",
                            "platform": "pl",
                            "single_end": true
                        },
                        "test.bam:md5,d41d8cd98f00b204e9800998ecf8427e",
                        "test.bam.bai:md5,d41d8cd98f00b204e9800998ecf8427e"
                    ]
                ],
                "bqsr_table": [
                    
                ],
                "duplicate_metrics": [
                    
                ],
                "qc_metrics": [
                    [
                        {
                            "id": "test",
                            "read_group": "rg",
                            "sample": "sm",
                            "platform": "pl",
                            "single_end": true
                        },
                        "alignment.txt:md5,d41d8cd98f00b204e9800998ecf8427e"
                    ]
                ],
                "versions": [
                    "versions.yml:md5,55d1e67ef8fa9d0ea3065363a653ffef"
                ]
            },
            {
                "PARABRICKS_FQ2BAM": {
                    "pbrun": "4.4.0-1"
                }
            }
        ],
        "meta": {
            "nf-test": "0.9.2",
            "nextflow": "24.10.4"
        },
        "timestamp": "2025-01-23T17:54:47.091148531"
    },
    "sarscov2 - fastq - pe - stub": {
        "content": [
            {
                "0": [
                    [
                        {
                            "id": "test",
                            "read_group": "rg",
                            "sample": "sm",
                            "platform": "pl",
                            "single_end": false
                        },
                        "test.bam:md5,d41d8cd98f00b204e9800998ecf8427e",
                        "test.bam.bai:md5,d41d8cd98f00b204e9800998ecf8427e"
                    ]
                ],
                "1": [
                    [
                        {
                            "id": "test",
                            "read_group": "rg",
                            "sample": "sm",
                            "platform": "pl",
                            "single_end": false
                        },
                        "alignment.txt:md5,d41d8cd98f00b204e9800998ecf8427e"
                    ]
                ],
                "2": [
                    
                ],
                "3": [
                    
                ],
                "4": [
                    "versions.yml:md5,55d1e67ef8fa9d0ea3065363a653ffef"
                ],
                "bam_bai": [
                    [
                        {
                            "id": "test",
                            "read_group": "rg",
                            "sample": "sm",
                            "platform": "pl",
                            "single_end": false
                        },
                        "test.bam:md5,d41d8cd98f00b204e9800998ecf8427e",
                        "test.bam.bai:md5,d41d8cd98f00b204e9800998ecf8427e"
                    ]
                ],
                "bqsr_table": [
                    
                ],
                "duplicate_metrics": [
                    
                ],
                "qc_metrics": [
                    [
                        {
                            "id": "test",
                            "read_group": "rg",
                            "sample": "sm",
                            "platform": "pl",
                            "single_end": false
                        },
                        "alignment.txt:md5,d41d8cd98f00b204e9800998ecf8427e"
                    ]
                ],
                "versions": [
                    "versions.yml:md5,55d1e67ef8fa9d0ea3065363a653ffef"
                ]
            },
            {
                "PARABRICKS_FQ2BAM": {
                    "pbrun": "4.4.0-1"
                }
            }
        ],
        "meta": {
            "nf-test": "0.9.2",
            "nextflow": "24.10.4"
        },
        "timestamp": "2025-01-23T18:12:27.155758204"
    },
    "sarscov2 - fastq - pe - merge": {
        "content": [
            "6a2854a2742873d280ca03af1e8567d5",
            "test.bam.bai",
            [
                "versions.yml:md5,55d1e67ef8fa9d0ea3065363a653ffef"
            ],
            {
                "PARABRICKS_FQ2BAM": {
                    "pbrun": "4.4.0-1"
                }
            }
        ],
        "meta": {
            "nf-test": "0.9.2",
            "nextflow": "24.10.4"
        },
        "timestamp": "2025-01-23T18:13:15.174625228"
    },
    "sarscov2 - fastq - pe": {
        "content": [
            "50a751c2aaaaeaa8c341d948aaa9cc0d",
            "test.bam.bai",
            [
                "versions.yml:md5,55d1e67ef8fa9d0ea3065363a653ffef"
            ],
            {
                "PARABRICKS_FQ2BAM": {
                    "pbrun": "4.4.0-1"
                }
            }
        ],
        "meta": {
            "nf-test": "0.9.2",
            "nextflow": "24.10.4"
        },
        "timestamp": "2025-01-23T18:12:19.009705387"
    },
    "SRR389222 - fastq - se": {
        "content": [
            "3d5b94990c7fdf90a682edb5ee0f59de",
            "test.bam.bai",
            [
                "versions.yml:md5,55d1e67ef8fa9d0ea3065363a653ffef"
            ],
            {
                "PARABRICKS_FQ2BAM": {
                    "pbrun": "4.4.0-1"
                }
            }
        ],
        "meta": {
            "nf-test": "0.9.2",
            "nextflow": "24.10.2"
        },
        "timestamp": "2024-12-16T12:24:32.45197929"
    },
    "sarscov2 - fastq - pe - merge - stub": {
        "content": [
            "d41d8cd98f00b204e9800998ecf8427e",
            "test.bam.bai",
            [
                "versions.yml:md5,55d1e67ef8fa9d0ea3065363a653ffef"
            ],
            {
                "PARABRICKS_FQ2BAM": {
                    "pbrun": "4.4.0-1"
                }
            }
        ],
        "meta": {
            "nf-test": "0.9.2",
            "nextflow": "24.10.4"
        },
        "timestamp": "2025-01-23T18:10:03.788922476"
    }
}