│ [                                                                                                                                                                                                    │
│     {                                                                                                                                                                                                │
│         "0": [                                                                                                                                                                                       │
│             [                                                                                                                                                                                        │
│                 {                                                                                                                                                                                    │
│                     "id": "test"                                                                                                                                                                     │
│                 },                                                                                                                                                                                   │
│                 "test.tsv:md5,d41d8cd98f00b204e9800998ecf8427e"                                                                                                                                      │
│             ]                                                                                                                                                                                        │
│         ],                                                                                                                                                                                           │
│         "1": [                                                                                                                                                                                       │
│             [                                                                                                                                                                                        │
│                 {                                                                                                                                                                                    │
│                     "id": "test"                                                                                                                                                                     │
│                 },                                                                                                                                                                                   │
│                 "test.xml:md5,d41d8cd98f00b204e9800998ecf8427e"                                                                                                                                      │
│             ]                                                                                                                                                                                        │
│         ],                                                                                                                                                                                           │
│         "2": [                                                                                                                                                                                       │
│             [                                                                                                                                                                                        │
│                 {                                                                                                                                                                                    │
│                     "id": "test"                                                                                                                                                                     │
│                 },                                                                                                                                                                                   │
│                 "test.gff3:md5,d41d8cd98f00b204e9800998ecf8427e"                                                                                                                                     │
│             ]                                                                                                                                                                                        │
│         ],                                                                                                                                                                                           │
│         "3": [                                                                                                                                                                                       │
│             [                                                                                                                                                                                        │
│                 {                                                                                                                                                                                    │
│                     "id": "test"                                                                                                                                                                     │
│                 },                                                                                                                                                                                   │
│                 "test.json:md5,d41d8cd98f00b204e9800998ecf8427e"                                                                                                                                     │
│             ]                                                                                                                                                                                        │
│         ],                                                                                                                                                                                           │
│         "4": [                                                                                                                                                                                       │
│             "versions.yml:md5,8bd8c66c2f1a7854faa29781761642c2"                                                                                                                                      │
│         ],                                                                                                                                                                                           │
│         "gff3": [                                                                                                                                                                                    │
│             [                                                                                                                                                                                        │
│                 {                                                                                                                                                                                    │
│                     "id": "test"                                                                                                                                                                     │
│                 },                                                                                                                                                                                   │
│                 "test.gff3:md5,d41d8cd98f00b204e9800998ecf8427e"                                                                                                                                     │
│             ]                                                                                                                                                                                        │
│         ],                                                                                                                                                                                           │
│         "json": [                                                                                                                                                                                    │
│             [                                                                                                                                                                                        │
│                 {                                                                                                                                                                                    │
│                     "id": "test"                                                                                                                                                                     │
│                 },                                                                                                                                                                                   │
│                 "test.json:md5,d41d8cd98f00b204e9800998ecf8427e"                                                                                                                                     │
│             ]                                                                                                                                                                                        │
│         ],                                                                                                                                                                                           │
│         "tsv": [                                                                                                                                                                                     │
│             [                                                                                                                                                                                        │
│                 {                                                                                                                                                                                    │
│                     "id": "test"                                                                                                                                                                     │
│                 },                                                                                                                                                                                   │
│                 "test.tsv:md5,d41d8cd98f00b204e9800998ecf8427e"                                                                                                                                      │
│             ]                                                                                                                                                                                        │
│         ],                                                                                                                                                                                           │
│         "versions": [                                                                                                                                                                                │
│             "versions.yml:md5,8bd8c66c2f1a7854faa29781761642c2"                                                                                                                                      │
│         ],                                                                                                                                                                                           │
│         "xml": [                                                                                                                                                                                     │
│             [                                                                                                                                                                                        │
│                 {                                                                                                                                                                                    │
│                     "id": "test"                                                                                                                                                                     │
│                 },                                                                                                                                                                                   │
│                 "test.xml:md5,d41d8cd98f00b204e9800998ecf8427e"                                                                                                                                      │
│             ]                                                                                                                                                                                        │
│         ]                                                                                                                                                                                            │
│     }                                                                                                                                                                                                │
│ ]   