{
    "versions": {
        "content": [
            {
                "PINTS_CALLER": {
                    "python": "3.12.6",
                    "pints": "1.1.13"
                }
            }
        ],
        "meta": {
            "nf-test": "0.9.0",
            "nextflow": "24.04.4"
        },
        "timestamp": "2024-09-29T22:22:29.559913"
    },
    "bams": {
        "content": [
            [
                [
                    {
                        "id": "test"
                    },
                    [
                        "test_chr7_1_divergent_peaks.bed:md5,d87cbbfa748e0a0ee01e26acb2922806",
                        "test_chr7_2_divergent_peaks.bed:md5,a34c06a2fa7bd9490ef6a34b104651ce"
                    ]
                ]
            ],
            [
                [
                    {
                        "id": "test"
                    },
                    [
                        "test_chr7_1_bidirectional_peaks.bed:md5,1c32c50def298e258b4ecd44f334cb9d",
                        "test_chr7_2_bidirectional_peaks.bed:md5,18a1eac15b6ded3717523622948e9251"
                    ]
                ]
            ],
            "test_chr7_1_unidirectional_peaks.bed",
            {
                "PINTS_CALLER": {
                    "python": "3.12.6",
                    "pints": "1.1.13"
                }
            }
        ],
        "meta": {
            "nf-test": "0.9.2",
            "nextflow": "24.10.3"
        },
        "timestamp": "2024-12-23T11:34:52.49208"
    },
    "single_bam": {
        "content": [
            [
                [
                    {
                        "id": "test",
                        "single_end": false
                    },
                    "test_all_1_divergent_peaks.bed:md5,3aa8ae581240d4d26f63ea6f3ed1f233"
                ]
            ],
            [
                [
                    {
                        "id": "test",
                        "single_end": false
                    },
                    "test_all_1_bidirectional_peaks.bed:md5,3c6ef0324e75082a6b172cb60549d2ad"
                ]
            ],
            "test_all_1_unidirectional_peaks.bed",
            {
                "PINTS_CALLER": {
                    "python": "3.12.6",
                    "pints": "1.1.13"
                }
            }
        ],
        "meta": {
            "nf-test": "0.9.2",
            "nextflow": "24.10.3"
        },
        "timestamp": "2024-12-23T11:36:04.710278"
    }
}