{
    "homo_sapiens - [bam, bai] - fasta_gz - fasta_gz_fai": {
        "content": [
            {
                "0": [
                    [
                        {
                            "id": "test",
                            "single_end": false
                        },
                        "test_out.vcf.gz:md5,cf14200d683c17a6e433bb076d487fee"
                    ]
                ],
                "1": [
                    [
                        {
                            "id": "test",
                            "single_end": false
                        },
                        "test_out.vcf.gz.tbi:md5,e9bcd1d1f5280e0d76ed8fd31f27bd59"
                    ]
                ],
                "2": [
                    [
                        {
                            "id": "test",
                            "single_end": false
                        },
                        "test_out.g.vcf.gz:md5,6251a87945e530ca61a989d7187d89dc"
                    ]
                ],
                "3": [
                    [
                        {
                            "id": "test",
                            "single_end": false
                        },
                        "test_out.g.vcf.gz.tbi:md5,32ca0d6713b96ed4ce07c79421bb04a9"
                    ]
                ],
                "4": [
                    "versions.yml:md5,cd692ea876a00da762fd4608c9f40f01"
                ],
                "gvcf": [
                    [
                        {
                            "id": "test",
                            "single_end": false
                        },
                        "test_out.g.vcf.gz:md5,6251a87945e530ca61a989d7187d89dc"
                    ]
                ],
                "gvcf_tbi": [
                    [
                        {
                            "id": "test",
                            "single_end": false
                        },
                        "test_out.g.vcf.gz.tbi:md5,32ca0d6713b96ed4ce07c79421bb04a9"
                    ]
                ],
                "vcf": [
                    [
                        {
                            "id": "test",
                            "single_end": false
                        },
                        "test_out.vcf.gz:md5,cf14200d683c17a6e433bb076d487fee"
                    ]
                ],
                "vcf_tbi": [
                    [
                        {
                            "id": "test",
                            "single_end": false
                        },
                        "test_out.vcf.gz.tbi:md5,e9bcd1d1f5280e0d76ed8fd31f27bd59"
                    ]
                ],
                "versions": [
                    "versions.yml:md5,cd692ea876a00da762fd4608c9f40f01"
                ]
            }
        ],
        "meta": {
            "nf-test": "0.9.2",
            "nextflow": "24.10.3"
        },
        "timestamp": "2025-01-14T08:16:22.036932742"
    },
    "homo_sapiens - [bam, bai] - fasta - fai": {
        "content": [
            {
                "0": [
                    
                ],
                "1": [
                    
                ],
                "2": [
                    
                ],
                "3": [
                    
                ],
                "4": [
                    
                ],
                "gvcf": [
                    
                ],
                "gvcf_index": [
                    
                ],
                "vcf": [
                    
                ],
                "vcf_index": [
                    
                ],
                "versions": [
                    
                ]
            }
        ],
        "meta": {
            "nf-test": "0.9.2",
            "nextflow": "24.10.5"
        },
        "timestamp": "2025-03-12T15:07:29.26146085"
    },
    "homo_sapiens - [cram, crai, genome_bed] - fasta - fai": {
        "content": [
            {
                "0": [
                    
                ],
                "1": [
                    
                ],
                "2": [
                    
                ],
                "3": [
                    
                ],
                "4": [
                    
                ],
                "gvcf": [
                    
                ],
                "gvcf_index": [
                    
                ],
                "vcf": [
                    
                ],
                "vcf_index": [
                    
                ],
                "versions": [
                    
                ]
            }
        ],
        "meta": {
            "nf-test": "0.9.2",
            "nextflow": "24.10.5"
        },
        "timestamp": "2025-03-12T15:07:38.528041104"
    },
    "homo_sapiens - [cram, crai, genome_bed] - fasta - fai - par_bed": {
        "content": [
            {
                "0": [
                    
                ],
                "1": [
                    
                ],
                "2": [
                    
                ],
                "3": [
                    
                ],
                "4": [
                    
                ],
                "gvcf": [
                    
                ],
                "gvcf_index": [
                    
                ],
                "vcf": [
                    
                ],
                "vcf_index": [
                    
                ],
                "versions": [
                    
                ]
            }
        ],
        "meta": {
            "nf-test": "0.9.2",
            "nextflow": "24.10.5"
        },
        "timestamp": "2025-03-12T15:07:48.006808099"
    }
}