{
    "Run gzrt on 30 paired-end reads - fastq.gz": {
        "content": [
            {
                "0": [
                    [
                        {
                            "id": "test",
                            "single_end": false
                        },
                        "test_recovered.fastq.gz:md5,d41d8cd98f00b204e9800998ecf8427e"
                    ]
                ],
                "1": [
                    "versions.yml:md5,b9467d4cb860eb2941a2078a3dd3cf41"
                ],
                "fastqrecovered": [
                    [
                        {
                            "id": "test",
                            "single_end": false
                        },
                        "test_recovered.fastq.gz:md5,d41d8cd98f00b204e9800998ecf8427e"
                    ]
                ],
                "versions": [
                    "versions.yml:md5,b9467d4cb860eb2941a2078a3dd3cf41"
                ]
            }
        ],
        "meta": {
            "nf-test": "0.9.2",
            "nextflow": "24.10.1"
        },
        "timestamp": "2024-11-27T19:02:56.484798"
    },
    "Run gzrt on 30 paired-end reads - fastq.gz - stub": {
        "content": [
            {
                "0": [
                    [
                        {
                            "id": "test",
                            "single_end": false
                        },
                        "test_recovered.fastq.gz:md5,0f8202ea19c8ce3f69f4413bf139b29c"
                    ]
                ],
                "1": [
                    "versions.yml:md5,b9467d4cb860eb2941a2078a3dd3cf41"
                ],
                "fastqrecovered": [
                    [
                        {
                            "id": "test",
                            "single_end": false
                        },
                        "test_recovered.fastq.gz:md5,0f8202ea19c8ce3f69f4413bf139b29c"
                    ]
                ],
                "versions": [
                    "versions.yml:md5,b9467d4cb860eb2941a2078a3dd3cf41"
                ]
            }
        ],
        "meta": {
            "nf-test": "0.9.2",
            "nextflow": "24.10.1"
        },
        "timestamp": "2024-11-27T19:03:05.999888"
    }
}