{
    "sarscov2 illumina paired-end [fastq_gz]": {
        "content": [
            [
                [
                    {
                        "id": "test",
                        "single_end": false
                    },
                    "test.tsv:md5,c1a6fcabeaa1070385f1430d370ba02f"
                ]
            ],
            [
                "versions.yml:md5,7b5a545483277cc0ff9189f8891e737f"
            ]
        ],
        "meta": {
            "nf-test": "0.8.4",
            "nextflow": "24.10.1"
        },
        "timestamp": "2024-11-28T17:29:55.064467"
    },
    "sarscov2 illumina single-end [fastq_gz]": {
        "content": [
            null,
            [
                "versions.yml:md5,7b5a545483277cc0ff9189f8891e737f"
            ]
        ],
        "meta": {
            "nf-test": "0.8.4",
            "nextflow": "24.10.1"
        },
        "timestamp": "2024-11-28T17:27:29.922818"
    },
    "sarscov2 illumina paired-end [fastq_gz]-stub": {
        "content": [
            [
                [
                    {
                        "id": "test",
                        "single_end": false
                    },
                    "test.tsv:md5,d41d8cd98f00b204e9800998ecf8427e"
                ]
            ],
            [
                "versions.yml:md5,7b5a545483277cc0ff9189f8891e737f"
            ]
        ],
        "meta": {
            "nf-test": "0.8.4",
            "nextflow": "24.10.1"
        },
        "timestamp": "2024-11-28T17:30:02.138682"
    }
}